Component: ARM Compiler 5.06 update 7 (build 960) Tool: armlink [4d3601]

==============================================================================

Section Cross References

    startup_stm32g474xx.o(STACK) refers (Special) to heapauxi.o(.text) for __use_two_region_memory
    startup_stm32g474xx.o(HEAP) refers (Special) to heapauxi.o(.text) for __use_two_region_memory
    startup_stm32g474xx.o(RESET) refers (Special) to heapauxi.o(.text) for __use_two_region_memory
    startup_stm32g474xx.o(RESET) refers to startup_stm32g474xx.o(STACK) for __initial_sp
    startup_stm32g474xx.o(RESET) refers to startup_stm32g474xx.o(.text) for Reset_Handler
    startup_stm32g474xx.o(RESET) refers to stm32g4xx_it.o(i.NMI_Handler) for NMI_Handler
    startup_stm32g474xx.o(RESET) refers to stm32g4xx_it.o(i.HardFault_Handler) for HardFault_Handler
    startup_stm32g474xx.o(RESET) refers to stm32g4xx_it.o(i.MemManage_Handler) for MemManage_Handler
    startup_stm32g474xx.o(RESET) refers to stm32g4xx_it.o(i.BusFault_Handler) for BusFault_Handler
    startup_stm32g474xx.o(RESET) refers to stm32g4xx_it.o(i.UsageFault_Handler) for UsageFault_Handler
    startup_stm32g474xx.o(RESET) refers to stm32g4xx_it.o(i.SVC_Handler) for SVC_Handler
    startup_stm32g474xx.o(RESET) refers to stm32g4xx_it.o(i.DebugMon_Handler) for DebugMon_Handler
    startup_stm32g474xx.o(RESET) refers to stm32g4xx_it.o(i.PendSV_Handler) for PendSV_Handler
    startup_stm32g474xx.o(RESET) refers to stm32g4xx_it.o(i.SysTick_Handler) for SysTick_Handler
    startup_stm32g474xx.o(RESET) refers to stm32g4xx_it.o(i.ADC1_2_IRQHandler) for ADC1_2_IRQHandler
    startup_stm32g474xx.o(RESET) refers to stm32g4xx_it.o(i.USB_LP_IRQHandler) for USB_LP_IRQHandler
    startup_stm32g474xx.o(RESET) refers to stm32g4xx_it.o(i.TIM2_IRQHandler) for TIM2_IRQHandler
    startup_stm32g474xx.o(RESET) refers to stm32g4xx_it.o(i.TIM3_IRQHandler) for TIM3_IRQHandler
    startup_stm32g474xx.o(RESET) refers to stm32g4xx_it.o(i.SPI1_IRQHandler) for SPI1_IRQHandler
    startup_stm32g474xx.o(RESET) refers to stm32g4xx_it.o(i.TIM6_DAC_IRQHandler) for TIM6_DAC_IRQHandler
    startup_stm32g474xx.o(.text) refers (Special) to heapauxi.o(.text) for __use_two_region_memory
    startup_stm32g474xx.o(.text) refers to system_stm32g4xx.o(i.SystemInit) for SystemInit
    startup_stm32g474xx.o(.text) refers to __main.o(!!!main) for __main
    startup_stm32g474xx.o(.text) refers to startup_stm32g474xx.o(HEAP) for Heap_Mem
    startup_stm32g474xx.o(.text) refers to startup_stm32g474xx.o(STACK) for Stack_Mem
    main.o(i.HAL_TIM_PeriodElapsedCallback) refers to stm32g4xx_hal.o(i.HAL_IncTick) for HAL_IncTick
    main.o(i.SystemClock_Config) refers to rt_memclr_w.o(.text) for __aeabi_memclr4
    main.o(i.SystemClock_Config) refers to stm32g4xx_hal_pwr_ex.o(i.HAL_PWREx_ControlVoltageScaling) for HAL_PWREx_ControlVoltageScaling
    main.o(i.SystemClock_Config) refers to stm32g4xx_hal_rcc.o(i.HAL_RCC_OscConfig) for HAL_RCC_OscConfig
    main.o(i.SystemClock_Config) refers to stm32g4xx_hal_rcc.o(i.HAL_RCC_ClockConfig) for HAL_RCC_ClockConfig
    main.o(i.main) refers to stm32g4xx_hal.o(i.HAL_Init) for HAL_Init
    main.o(i.main) refers to main.o(i.SystemClock_Config) for SystemClock_Config
    main.o(i.main) refers to gpio.o(i.MX_GPIO_Init) for MX_GPIO_Init
    main.o(i.main) refers to tim.o(i.MX_TIM3_Init) for MX_TIM3_Init
    main.o(i.main) refers to usb_device.o(i.MX_USB_Device_Init) for MX_USB_Device_Init
    main.o(i.main) refers to tim.o(i.MX_TIM1_Init) for MX_TIM1_Init
    main.o(i.main) refers to adc.o(i.MX_ADC1_Init) for MX_ADC1_Init
    main.o(i.main) refers to spi.o(i.MX_SPI1_Init) for MX_SPI1_Init
    main.o(i.main) refers to usart.o(i.MX_USART3_UART_Init) for MX_USART3_UART_Init
    main.o(i.main) refers to adc.o(i.MX_ADC2_Init) for MX_ADC2_Init
    main.o(i.main) refers to tim.o(i.MX_TIM2_Init) for MX_TIM2_Init
    main.o(i.main) refers to vofa.o(i.vofa_init) for vofa_init
    main.o(i.main) refers to stm32g4xx_hal_tim.o(i.HAL_TIM_PWM_Start) for HAL_TIM_PWM_Start
    main.o(i.main) refers to stm32g4xx_hal_tim_ex.o(i.HAL_TIMEx_PWMN_Start) for HAL_TIMEx_PWMN_Start
    main.o(i.main) refers to stm32g4xx_hal_adc_ex.o(i.HAL_ADCEx_InjectedStart_IT) for HAL_ADCEx_InjectedStart_IT
    main.o(i.main) refers to stm32g4xx_hal_adc_ex.o(i.HAL_ADCEx_InjectedStart) for HAL_ADCEx_InjectedStart
    main.o(i.main) refers to foc_app.o(i.vf_mode) for vf_mode
    main.o(i.main) refers to stm32g4xx_hal.o(i.HAL_Delay) for HAL_Delay
    main.o(i.main) refers to tim.o(.bss) for htim1
    main.o(i.main) refers to adc.o(.bss) for hadc1
    gpio.o(i.MX_GPIO_Init) refers to rt_memclr_w.o(.text) for __aeabi_memclr4
    gpio.o(i.MX_GPIO_Init) refers to stm32g4xx_hal_gpio.o(i.HAL_GPIO_WritePin) for HAL_GPIO_WritePin
    gpio.o(i.MX_GPIO_Init) refers to stm32g4xx_hal_gpio.o(i.HAL_GPIO_Init) for HAL_GPIO_Init
    adc.o(i.HAL_ADC_MspDeInit) refers to stm32g4xx_hal_gpio.o(i.HAL_GPIO_DeInit) for HAL_GPIO_DeInit
[...]
    _printf_flags                            0x00000000   Number         0  printf_stubs.o ABSOLUTE
    _printf_return_value                     0x00000000   Number         0  printf_stubs.o ABSOLUTE
    _printf_sizespec                         0x00000000   Number         0  printf_stubs.o ABSOLUTE
    _printf_widthprec                        0x00000000   Number         0  printf_stubs.o ABSOLUTE
    __ARM_exceptions_init                     - Undefined Weak Reference
    __alloca_initialize                       - Undefined Weak Reference
    __arm_fini_                               - Undefined Weak Reference
    __arm_preinit_                            - Undefined Weak Reference
    __cpp_initialize__aeabi_                  - Undefined Weak Reference
    __cxa_finalize                            - Undefined Weak Reference
    __sigvec_lookup                           - Undefined Weak Reference
    _atexit_init                              - Undefined Weak Reference
    _call_atexit_fns                          - Undefined Weak Reference
    _clock_init                               - Undefined Weak Reference
    _fp_trap_init                             - Undefined Weak Reference
    _fp_trap_shutdown                         - Undefined Weak Reference
    _get_lc_collate                           - Undefined Weak Reference
    _get_lc_monetary                          - Undefined Weak Reference
    _get_lc_time                              - Undefined Weak Reference
    _getenv_init                              - Undefined Weak Reference
    _handle_redirection                       - Undefined Weak Reference
    _init_alloc                               - Undefined Weak Reference
    _init_user_alloc                          - Undefined Weak Reference
    _initio                                   - Undefined Weak Reference
    _printf_mbtowc                            - Undefined Weak Reference
    _printf_wc                                - Undefined Weak Reference
    _rand_init                                - Undefined Weak Reference
    _signal_finish                            - Undefined Weak Reference
    _signal_init                              - Undefined Weak Reference
    _terminate_alloc                          - Undefined Weak Reference
    _terminate_user_alloc                     - Undefined Weak Reference
    _terminateio                              - Undefined Weak Reference
    __Vectors_Size                           0x000001d8   Number         0  startup_stm32g474xx.o ABSOLUTE
    __Vectors                                0x08000000   Data           4  startup_stm32g474xx.o(RESET)
    __Vectors_End                            0x080001d8   Data           0  startup_stm32g474xx.o(RESET)
    __main                                   0x080001d9   Thumb Code     8  __main.o(!!!main)
    __scatterload                            0x080001e1   Thumb Code     0  __scatter.o(!!!scatter)
    __scatterload_rt2                        0x080001e1   Thumb Code    44  __scatter.o(!!!scatter)
    __scatterload_rt2_thumb_only             0x080001e1   Thumb Code     0  __scatter.o(!!!scatter)
    __scatterload_null                       0x080001ef   Thumb Code     0  __scatter.o(!!!scatter)
    __decompress                             0x08000215   Thumb Code    90  __dczerorl2.o(!!dczerorl2)
    __decompress1                            0x08000215   Thumb Code     0  __dczerorl2.o(!!dczerorl2)
    __scatterload_zeroinit                   0x08000271   Thumb Code    28  __scatter_zi.o(!!handler_zi)
    __rt_lib_init                            0x0800028d   Thumb Code     0  libinit.o(.ARM.Collect$$libinit$$00000000)
    __rt_lib_init_fp_1                       0x0800028f   Thumb Code     0  libinit2.o(.ARM.Collect$$libinit$$00000001)
    __rt_lib_init_alloca_1                   0x08000293   Thumb Code     0  libinit2.o(.ARM.Collect$$libinit$$0000002E)
    __rt_lib_init_argv_1                     0x08000293   Thumb Code     0  libinit2.o(.ARM.Collect$$libinit$$0000002C)
    __rt_lib_init_atexit_1                   0x08000293   Thumb Code     0  libinit2.o(.ARM.Collect$$libinit$$0000001B)
    __rt_lib_init_clock_1                    0x08000293   Thumb Code     0  libinit2.o(.ARM.Collect$$libinit$$00000021)
    __rt_lib_init_cpp_1                      0x08000293   Thumb Code     0  libinit2.o(.ARM.Collect$$libinit$$00000032)
    __rt_lib_init_exceptions_1               0x08000293   Thumb Code     0  libinit2.o(.ARM.Collect$$libinit$$00000030)
    __rt_lib_init_fp_trap_1                  0x08000293   Thumb Code     0  libinit2.o(.ARM.Collect$$libinit$$0000001F)
    __rt_lib_init_getenv_1                   0x08000293   Thumb Code     0  libinit2.o(.ARM.Collect$$libinit$$00000023)
    __rt_lib_init_heap_1                     0x08000293   Thumb Code     0  libinit2.o(.ARM.Collect$$libinit$$0000000A)
    __rt_lib_init_lc_collate_1               0x08000293   Thumb Code     0  libinit2.o(.ARM.Collect$$libinit$$00000011)
    __rt_lib_init_lc_ctype_1                 0x08000293   Thumb Code     0  libinit2.o(.ARM.Collect$$libinit$$00000013)
    __rt_lib_init_lc_monetary_1              0x08000293   Thumb Code     0  libinit2.o(.ARM.Collect$$libinit$$00000015)
    __rt_lib_init_lc_numeric_1               0x08000293   Thumb Code     0  libinit2.o(.ARM.Collect$$libinit$$00000017)
    __rt_lib_init_lc_time_1                  0x08000293   Thumb Code     0  libinit2.o(.ARM.Collect$$libinit$$00000019)
    __rt_lib_init_preinit_1                  0x08000293   Thumb Code     0  libinit2.o(.ARM.Collect$$libinit$$00000004)
    __rt_lib_init_rand_1                     0x08000293   Thumb Code     0  libinit2.o(.ARM.Collect$$libinit$$0000000E)
    __rt_lib_init_return                     0x08000293   Thumb Code     0  libinit2.o(.ARM.Collect$$libinit$$00000033)
    __rt_lib_init_signal_1                   0x08000293   Thumb Code     0  libinit2.o(.ARM.Collect$$libinit$$0000001D)
    __rt_lib_init_stdio_1                    0x08000293   Thumb Code     0  libinit2.o(.ARM.Collect$$libinit$$00000025)
    __rt_lib_init_user_alloc_1               0x08000293   Thumb Code     0  libinit2.o(.ARM.Collect$$libinit$$0000000C)
    __rt_lib_shutdown                        0x08000295   Thumb Code     0  libshutdown.o(.ARM.Collect$$libshutdown$$00000000)
    __rt_lib_shutdown_cpp_1                  0x08000297   Thumb Code     0  libshutdown2.o(.ARM.Collect$$libshutdown$$00000004)
    __rt_lib_shutdown_fini_1                 0x08000297   Thumb Code     0  libshutdown2.o(.ARM.Collect$$libshutdown$$00000002)
    __rt_lib_shutdown_fp_trap_1              0x08000297   Thumb Code     0  libshutdown2.o(.ARM.Collect$$libshutdown$$00000009)
    __rt_lib_shutdown_heap_1                 0x08000297   Thumb Code     0  libshutdown2.o(.ARM.Collect$$libshutdown$$00000011)
    __rt_lib_shutdown_return                 0x08000297   Thumb Code     0  libshutdown2.o(.ARM.Collect$$libshutdown$$00000012)
    __rt_lib_shutdown_signal_1               0x08000297   Thumb Code     0  libshutdown2.o(.ARM.Collect$$libshutdown$$0000000C)
    __rt_lib_shutdown_stdio_1                0x08000297   Thumb Code     0  libshutdown2.o(.ARM.Collect$$libshutdown$$00000006)
    __rt_lib_shutdown_user_alloc_1           0x08000297   Thumb Code     0  libshutdown2.o(.ARM.Collect$$libshutdown$$0000000E)
    __rt_entry                               0x08000299   Thumb Code     0  __rtentry.o(.ARM.Collect$$rtentry$$00000000)
    __rt_entry_presh_1                       0x08000299   Thumb Code     0  __rtentry2.o(.ARM.Collect$$rtentry$$00000002)
    __rt_entry_sh                            0x08000299   Thumb Code     0  __rtentry4.o(.ARM.Collect$$rtentry$$00000004)
    __rt_entry_li                            0x0800029f   Thumb Code     0  __rtentry2.o(.ARM.Collect$$rtentry$$0000000A)
    __rt_entry_postsh_1                      0x0800029f   Thumb Code     0  __rtentry2.o(.ARM.Collect$$rtentry$$00000009)
    __rt_entry_main                          0x080002a3   Thumb Code     0  __rtentry2.o(.ARM.Collect$$rtentry$$0000000D)
    __rt_entry_postli_1                      0x080002a3   Thumb Code     0  __rtentry2.o(.ARM.Collect$$rtentry$$0000000C)
    __rt_exit                                0x080002ab   Thumb Code     0  rtexit.o(.ARM.Collect$$rtexit$$00000000)
    __rt_exit_ls                             0x080002ad   Thumb Code     0  rtexit2.o(.ARM.Collect$$rtexit$$00000003)
    __rt_exit_prels_1                        0x080002ad   Thumb Code     0  rtexit2.o(.ARM.Collect$$rtexit$$00000002)
    __rt_exit_exit                           0x080002b1   Thumb Code     0  rtexit2.o(.ARM.Collect$$rtexit$$00000004)
    Reset_Handler                            0x080002b9   Thumb Code     8  startup_stm32g474xx.o(.text)
    ADC3_IRQHandler                          0x080002d3   Thumb Code     0  startup_stm32g474xx.o(.text)
    ADC4_IRQHandler                          0x080002d3   Thumb Code     0  startup_stm32g474xx.o(.text)
    ADC5_IRQHandler                          0x080002d3   Thumb Code     0  startup_stm32g474xx.o(.text)
    COMP1_2_3_IRQHandler                     0x080002d3   Thumb Code     0  startup_stm32g474xx.o(.text)
    COMP4_5_6_IRQHandler                     0x080002d3   Thumb Code     0  startup_stm32g474xx.o(.text)
    COMP7_IRQHandler                         0x080002d3   Thumb Code     0  startup_stm32g474xx.o(.text)
    CORDIC_IRQHandler                        0x080002d3   Thumb Code     0  startup_stm32g474xx.o(.text)
    CRS_IRQHandler                           0x080002d3   Thumb Code     0  startup_stm32g474xx.o(.text)
    DMA1_Channel1_IRQHandler                 0x080002d3   Thumb Code     0  startup_stm32g474xx.o(.text)
    DMA1_Channel2_IRQHandler                 0x080002d3   Thumb Code     0  startup_stm32g474xx.o(.text)
    DMA1_Channel3_IRQHandler                 0x080002d3   Thumb Code     0  startup_stm32g474xx.o(.text)
    DMA1_Channel4_IRQHandler                 0x080002d3   Thumb Code     0  startup_stm32g474xx.o(.text)
    DMA1_Channel5_IRQHandler                 0x080002d3   Thumb Code     0  startup_stm32g474xx.o(.text)
    DMA1_Channel6_IRQHandler                 0x080002d3   Thumb Code     0  startup_stm32g474xx.o(.text)
    DMA1_Channel7_IRQHandler                 0x080002d3   Thumb Code     0  startup_stm32g474xx.o(.text)
    DMA1_Channel8_IRQHandler                 0x080002d3   Thumb Code     0  startup_stm32g474xx.o(.text)
    DMA2_Channel1_IRQHandler                 0x080002d3   Thumb Code     0  startup_stm32g474xx.o(.text)
    DMA2_Channel2_IRQHandler                 0x080002d3   Thumb Code     0  startup_stm32g474xx.o(.text)
    DMA2_Channel3_IRQHandler                 0x080002d3   Thumb Code     0  startup_stm32g474xx.o(.text)
    DMA2_Channel4_IRQHandler                 0x080002d3   Thumb Code     0  startup_stm32g474xx.o(.text)
    DMA2_Channel5_IRQHandler                 0x080002d3   Thumb Code     0  startup_stm32g474xx.o(.text)
    DMA2_Channel6_IRQHandler                 0x080002d3   Thumb Code     0  startup_stm32g474xx.o(.text)
    DMA2_Channel7_IRQHandler                 0x080002d3   Thumb Code     0  startup_stm32g474xx.o(.text)
    DMA2_Channel8_IRQHandler                 0x080002d3   Thumb Code     0  startup_stm32g474xx.o(.text)
    DMAMUX_OVR_IRQHandler                    0x080002d3   Thumb Code     0  startup_stm32g474xx.o(.text)
    EXTI0_IRQHandler                         0x080002d3   Thumb Code     0  startup_stm32g474xx.o(.text)
    EXTI15_10_IRQHandler                     0x080002d3   Thumb Code     0  startup_stm32g474xx.o(.text)
    EXTI1_IRQHandler                         0x080002d3   Thumb Code     0  startup_stm32g474xx.o(.text)
    EXTI2_IRQHandler                         0x080002d3   Thumb Code     0  startup_stm32g474xx.o(.text)
    EXTI3_IRQHandler                         0x080002d3   Thumb Code     0  startup_stm32g474xx.o(.text)
    EXTI4_IRQHandler                         0x080002d3   Thumb Code     0  startup_stm32g474xx.o(.text)
    EXTI9_5_IRQHandler                       0x080002d3   Thumb Code     0  startup_stm32g474xx.o(.text)
    FDCAN1_IT0_IRQHandler                    0x080002d3   Thumb Code     0  startup_stm32g474xx.o(.text)
    FDCAN1_IT1_IRQHandler                    0x080002d3   Thumb Code     0  startup_stm32g474xx.o(.text)
    FDCAN2_IT0_IRQHandler                    0x080002d3   Thumb Code     0  startup_stm32g474xx.o(.text)
    FDCAN2_IT1_IRQHandler                    0x080002d3   Thumb Code     0  startup_stm32g474xx.o(.text)
    FDCAN3_IT0_IRQHandler                    0x080002d3   Thumb Code     0  startup_stm32g474xx.o(.text)
    FDCAN3_IT1_IRQHandler                    0x080002d3   Thumb Code     0  startup_stm32g474xx.o(.text)
    FLASH_IRQHandler                         0x080002d3   Thumb Code     0  startup_stm32g474xx.o(.text)
    FMAC_IRQHandler                          0x080002d3   Thumb Code     0  startup_stm32g474xx.o(.text)
    FMC_IRQHandler                           0x080002d3   Thumb Code     0  startup_stm32g474xx.o(.text)
    FPU_IRQHandler                           0x080002d3   Thumb Code     0  startup_stm32g474xx.o(.text)
    HRTIM1_FLT_IRQHandler                    0x080002d3   Thumb Code     0  startup_stm32g474xx.o(.text)
    HRTIM1_Master_IRQHandler                 0x080002d3   Thumb Code     0  startup_stm32g474xx.o(.text)
    HRTIM1_TIMA_IRQHandler                   0x080002d3   Thumb Code     0  startup_stm32g474xx.o(.text)
    HRTIM1_TIMB_IRQHandler                   0x080002d3   Thumb Code     0  startup_stm32g474xx.o(.text)
    HRTIM1_TIMC_IRQHandler                   0x080002d3   Thumb Code     0  startup_stm32g474xx.o(.text)
    HRTIM1_TIMD_IRQHandler                   0x080002d3   Thumb Code     0  startup_stm32g474xx.o(.text)
    HRTIM1_TIME_IRQHandler                   0x080002d3   Thumb Code     0  startup_stm32g474xx.o(.text)
    HRTIM1_TIMF_IRQHandler                   0x080002d3   Thumb Code     0  startup_stm32g474xx.o(.text)
    I2C1_ER_IRQHandler                       0x080002d3   Thumb Code     0  startup_stm32g474xx.o(.text)
    I2C1_EV_IRQHandler                       0x080002d3   Thumb Code     0  startup_stm32g474xx.o(.text)
    I2C2_ER_IRQHandler                       0x080002d3   Thumb Code     0  startup_stm32g474xx.o(.text)
    I2C2_EV_IRQHandler                       0x080002d3   Thumb Code     0  startup_stm32g474xx.o(.text)
    I2C3_ER_IRQHandler                       0x080002d3   Thumb Code     0  startup_stm32g474xx.o(.text)
    I2C3_EV_IRQHandler                       0x080002d3   Thumb Code     0  startup_stm32g474xx.o(.text)
    I2C4_ER_IRQHandler                       0x080002d3   Thumb Code     0  startup_stm32g474xx.o(.text)
    I2C4_EV_IRQHandler                       0x080002d3   Thumb Code     0  startup_stm32g474xx.o(.text)
    LPTIM1_IRQHandler                        0x080002d3   Thumb Code     0  startup_stm32g474xx.o(.text)
    LPUART1_IRQHandler                       0x080002d3   Thumb Code     0  startup_stm32g474xx.o(.text)
    PVD_PVM_IRQHandler                       0x080002d3   Thumb Code     0  startup_stm32g474xx.o(.text)
    QUADSPI_IRQHandler                       0x080002d3   Thumb Code     0  startup_stm32g474xx.o(.text)
    RCC_IRQHandler                           0x080002d3   Thumb Code     0  startup_stm32g474xx.o(.text)
    RNG_IRQHandler                           0x080002d3   Thumb Code     0  startup_stm32g474xx.o(.text)
    RTC_Alarm_IRQHandler                     0x080002d3   Thumb Code     0  startup_stm32g474xx.o(.text)
    RTC_TAMP_LSECSS_IRQHandler               0x080002d3   Thumb Code     0  startup_stm32g474xx.o(.text)
    RTC_WKUP_IRQHandler                      0x080002d3   Thumb Code     0  startup_stm32g474xx.o(.text)
    SAI1_IRQHandler                          0x080002d3   Thumb Code     0  startup_stm32g474xx.o(.text)
    SPI2_IRQHandler                          0x080002d3   Thumb Code     0  startup_stm32g474xx.o(.text)
    SPI3_IRQHandler                          0x080002d3   Thumb Code     0  startup_stm32g474xx.o(.text)
    SPI4_IRQHandler                          0x080002d3   Thumb Code     0  startup_stm32g474xx.o(.text)
    TIM1_BRK_TIM15_IRQHandler                0x080002d3   Thumb Code     0  startup_stm32g474xx.o(.text)
    TIM1_CC_IRQHandler                       0x080002d3   Thumb Code     0  startup_stm32g474xx.o(.text)
    TIM1_TRG_COM_TIM17_IRQHandler            0x080002d3   Thumb Code     0  startup_stm32g474xx.o(.text)
    TIM1_UP_TIM16_IRQHandler                 0x080002d3   Thumb Code     0  startup_stm32g474xx.o(.text)
    TIM20_BRK_IRQHandler                     0x080002d3   Thumb Code     0  startup_stm32g474xx.o(.text)
    TIM20_CC_IRQHandler                      0x080002d3   Thumb Code     0  startup_stm32g474xx.o(.text)
    TIM20_TRG_COM_IRQHandler                 0x080002d3   Thumb Code     0  startup_stm32g474xx.o(.text)
    TIM20_UP_IRQHandler                      0x080002d3   Thumb Code     0  startup_stm32g474xx.o(.text)
    TIM4_IRQHandler                          0x080002d3   Thumb Code     0  startup_stm32g474xx.o(.text)
    TIM5_IRQHandler                          0x080002d3   Thumb Code     0  startup_stm32g474xx.o(.text)
    TIM7_DAC_IRQHandler                      0x080002d3   Thumb Code     0  startup_stm32g474xx.o(.text)
    TIM8_BRK_IRQHandler                      0x080002d3   Thumb Code     0  startup_stm32g474xx.o(.text)
    TIM8_CC_IRQHandler                       0x080002d3   Thumb Code     0  startup_stm32g474xx.o(.text)
    TIM8_TRG_COM_IRQHandler                  0x080002d3   Thumb Code     0  startup_stm32g474xx.o(.text)
    TIM8_UP_IRQHandler                       0x080002d3   Thumb Code     0  startup_stm32g474xx.o(.text)
    UART4_IRQHandler                         0x080002d3   Thumb Code     0  startup_stm32g474xx.o(.text)
    UART5_IRQHandler                         0x080002d3   Thumb Code     0  startup_stm32g474xx.o(.text)
    UCPD1_IRQHandler                         0x080002d3   Thumb Code     0  startup_stm32g474xx.o(.text)
    USART1_IRQHandler                        0x080002d3   Thumb Code     0  startup_stm32g474xx.o(.text)
    USART2_IRQHandler                        0x080002d3   Thumb Code     0  startup_stm32g474xx.o(.text)
    USART3_IRQHandler                        0x080002d3   Thumb Code     0  startup_stm32g474xx.o(.text)
    USBWakeUp_IRQHandler                     0x080002d3   Thumb Code     0  startup_stm32g474xx.o(.text)
    USB_HP_IRQHandler                        0x080002d3   Thumb Code     0  startup_stm32g474xx.o(.text)
    WWDG_IRQHandler                          0x080002d3   Thumb Code     0  startup_stm32g474xx.o(.text)
    __user_initial_stackheap                 0x080002d5   Thumb Code     0  startup_stm32g474xx.o(.text)
    __aeabi_uldivmod                         0x080002f9   Thumb Code     0  lludivv7m.o(.text)
    _ll_udiv                                 0x080002f9   Thumb Code   238  lludivv7m.o(.text)
    __aeabi_memclr4                          0x080003e7   Thumb Code     0  rt_memclr_w.o(.text)
    __aeabi_memclr8                          0x080003e7   Thumb Code     0  rt_memclr_w.o(.text)
    __rt_memclr_w                            0x080003e7   Thumb Code    78  rt_memclr_w.o(.text)
    _memset_w                                0x080003eb   Thumb Code     0  rt_memclr_w.o(.text)
    __use_two_region_memory                  0x08000435   Thumb Code     2  heapauxi.o(.text)
    __rt_heap_escrow$2region                 0x08000437   Thumb Code     2  heapauxi.o(.text)
    __rt_heap_expand$2region                 0x08000439   Thumb Code     2  heapauxi.o(.text)
    __user_libspace                          0x0800043d   Thumb Code     8  libspace.o(.text)
    __user_perproc_libspace                  0x0800043d   Thumb Code     0  libspace.o(.text)
    __user_perthread_libspace                0x0800043d   Thumb Code     0  libspace.o(.text)
    __user_setup_stackheap                   0x08000445   Thumb Code    74  sys_stackheap_outer.o(.text)
    exit                                     0x0800048f   Thumb Code    18  exit.o(.text)
    _sys_exit                                0x080004a1   Thumb Code     8  sys_exit.o(.text)
    __I$use$semihosting                      0x080004ad   Thumb Code     0  use_no_semi.o(.text)
    __use_no_semihosting_swi                 0x080004ad   Thumb Code     2  use_no_semi.o(.text)
    __semihosting_library_function           0x080004af   Thumb Code     0  indicate_semi.o(.text)
    arm_cos_f32                              0x080004b1   Thumb Code   152  arm_cos_f32.o(.text.arm_cos_f32)
    arm_sin_f32                              0x08000549   Thumb Code   144  arm_sin_f32.o(.text.arm_sin_f32)
    ADC1_2_IRQHandler                        0x080005d9   Thumb Code    18  stm32g4xx_it.o(i.ADC1_2_IRQHandler)
    ADC_Enable                               0x080005f5   Thumb Code   176  stm32g4xx_hal_adc.o(i.ADC_Enable)
    BusFault_Handler                         0x080006bd   Thumb Code     2  stm32g4xx_it.o(i.BusFault_Handler)
    DebugMon_Handler                         0x08000709   Thumb Code     2  stm32g4xx_it.o(i.DebugMon_Handler)
    Error_Handler                            0x0800070b   Thumb Code     4  main.o(i.Error_Handler)
    HAL_ADCEx_EndOfSamplingCallback          0x0800070f   Thumb Code     2  stm32g4xx_hal_adc_ex.o(i.HAL_ADCEx_EndOfSamplingCallback)
    HAL_ADCEx_InjectedConfigChannel          0x08000711   Thumb Code  1314  stm32g4xx_hal_adc_ex.o(i.HAL_ADCEx_InjectedConfigChannel)
    HAL_ADCEx_InjectedConvCpltCallback       0x08000c69   Thumb Code     2  stm32g4xx_hal_adc_ex.o(i.HAL_ADCEx_InjectedConvCpltCallback)
    HAL_ADCEx_InjectedQueueOverflowCallback  0x08000c6b   Thumb Code     2  stm32g4xx_hal_adc_ex.o(i.HAL_ADCEx_InjectedQueueOverflowCallback)
    HAL_ADCEx_InjectedStart                  0x08000c6d   Thumb Code   262  stm32g4xx_hal_adc_ex.o(i.HAL_ADCEx_InjectedStart)
    HAL_ADCEx_InjectedStart_IT               0x08000d8d   Thumb Code   320  stm32g4xx_hal_adc_ex.o(i.HAL_ADCEx_InjectedStart_IT)
    HAL_ADCEx_LevelOutOfWindow2Callback      0x08000ee5   Thumb Code     2  stm32g4xx_hal_adc_ex.o(i.HAL_ADCEx_LevelOutOfWindow2Callback)
    HAL_ADCEx_LevelOutOfWindow3Callback      0x08000ee7   Thumb Code     2  stm32g4xx_hal_adc_ex.o(i.HAL_ADCEx_LevelOutOfWindow3Callback)
    HAL_ADCEx_MultiModeConfigChannel         0x08000ee9   Thumb Code   312  stm32g4xx_hal_adc_ex.o(i.HAL_ADCEx_MultiModeConfigChannel)
    HAL_ADC_ConfigChannel                    0x08001039   Thumb Code  1058  stm32g4xx_hal_adc.o(i.HAL_ADC_ConfigChannel)
    HAL_ADC_ConvCpltCallback                 0x0800149d   Thumb Code     2  stm32g4xx_hal_adc.o(i.HAL_ADC_ConvCpltCallback)
    HAL_ADC_ErrorCallback                    0x0800149f   Thumb Code     2  stm32g4xx_hal_adc.o(i.HAL_ADC_ErrorCallback)
    HAL_ADC_IRQHandler                       0x080014a1   Thumb Code   674  stm32g4xx_hal_adc.o(i.HAL_ADC_IRQHandler)
    HAL_ADC_Init                             0x08001759   Thumb Code   514  stm32g4xx_hal_adc.o(i.HAL_ADC_Init)
    HAL_ADC_LevelOutOfWindowCallback         0x0800198d   Thumb Code     2  stm32g4xx_hal_adc.o(i.HAL_ADC_LevelOutOfWindowCallback)
    HAL_ADC_MspInit                          0x08001991   Thumb Code   220  adc.o(i.HAL_ADC_MspInit)
    HAL_DMA_Abort_IT                         0x08001a7d   Thumb Code   120  stm32g4xx_hal_dma.o(i.HAL_DMA_Abort_IT)
    HAL_Delay                                0x08001af5   Thumb Code    32  stm32g4xx_hal.o(i.HAL_Delay)
    HAL_GPIO_Init                            0x08001b19   Thumb Code   400  stm32g4xx_hal_gpio.o(i.HAL_GPIO_Init)
    HAL_GPIO_WritePin                        0x08001cc9   Thumb Code    10  stm32g4xx_hal_gpio.o(i.HAL_GPIO_WritePin)
    HAL_GetTick                              0x08001cd5   Thumb Code     6  stm32g4xx_hal.o(i.HAL_GetTick)
    HAL_IncTick                              0x08001ce1   Thumb Code    12  stm32g4xx_hal.o(i.HAL_IncTick)
    HAL_Init                                 0x08001cf1   Thumb Code    30  stm32g4xx_hal.o(i.HAL_Init)
    HAL_InitTick                             0x08001d11   Thumb Code   116  stm32g4xx_hal_timebase_tim.o(i.HAL_InitTick)
    HAL_MspInit                              0x08001d99   Thumb Code    42  stm32g4xx_hal_msp.o(i.HAL_MspInit)
    HAL_NVIC_EnableIRQ                       0x08001dc9   Thumb Code    26  stm32g4xx_hal_cortex.o(i.HAL_NVIC_EnableIRQ)
    HAL_NVIC_SetPriority                     0x08001de5   Thumb Code    60  stm32g4xx_hal_cortex.o(i.HAL_NVIC_SetPriority)
    HAL_NVIC_SetPriorityGrouping             0x08001e25   Thumb Code    26  stm32g4xx_hal_cortex.o(i.HAL_NVIC_SetPriorityGrouping)
    HAL_PCDEx_ActivateLPM                    0x08001e49   Thumb Code    36  stm32g4xx_hal_pcd_ex.o(i.HAL_PCDEx_ActivateLPM)
    HAL_PCDEx_LPM_Callback                   0x08001e6d   Thumb Code    64  usbd_conf.o(i.HAL_PCDEx_LPM_Callback)
    HAL_PCDEx_PMAConfig                      0x08001eb1   Thumb Code    60  stm32g4xx_hal_pcd_ex.o(i.HAL_PCDEx_PMAConfig)
    HAL_PCD_DataInStageCallback              0x08001eed   Thumb Code    18  usbd_conf.o(i.HAL_PCD_DataInStageCallback)
    HAL_PCD_DataOutStageCallback             0x08001eff   Thumb Code    20  usbd_conf.o(i.HAL_PCD_DataOutStageCallback)
    HAL_PCD_EP_Close                         0x08001f13   Thumb Code    74  stm32g4xx_hal_pcd.o(i.HAL_PCD_EP_Close)
    HAL_PCD_EP_ClrStall                      0x08001f5d   Thumb Code    90  stm32g4xx_hal_pcd.o(i.HAL_PCD_EP_ClrStall)
    HAL_PCD_EP_GetRxCount                    0x080023dd   Thumb Code    18  stm32g4xx_hal_pcd.o(i.HAL_PCD_EP_GetRxCount)
    HAL_PCD_EP_Open                          0x080023ef   Thumb Code    88  stm32g4xx_hal_pcd.o(i.HAL_PCD_EP_Open)
    HAL_PCD_EP_Receive                       0x08002447   Thumb Code    46  stm32g4xx_hal_pcd.o(i.HAL_PCD_EP_Receive)
    HAL_PCD_EP_SetStall                      0x08002475   Thumb Code    94  stm32g4xx_hal_pcd.o(i.HAL_PCD_EP_SetStall)
    HAL_PCD_EP_Transmit                      0x080024d3   Thumb Code    46  stm32g4xx_hal_pcd.o(i.HAL_PCD_EP_Transmit)
    HAL_PCD_IRQHandler                       0x08002501   Thumb Code   330  stm32g4xx_hal_pcd.o(i.HAL_PCD_IRQHandler)
    HAL_PCD_Init                             0x0800264b   Thumb Code   154  stm32g4xx_hal_pcd.o(i.HAL_PCD_Init)
    HAL_PCD_MspInit                          0x080026e5   Thumb Code    80  usbd_conf.o(i.HAL_PCD_MspInit)
    HAL_PCD_ResetCallback                    0x0800273d   Thumb Code    38  usbd_conf.o(i.HAL_PCD_ResetCallback)
    HAL_PCD_ResumeCallback                   0x08002765   Thumb Code    34  usbd_conf.o(i.HAL_PCD_ResumeCallback)
    HAL_PCD_SOFCallback                      0x0800278d   Thumb Code     8  usbd_conf.o(i.HAL_PCD_SOFCallback)
    HAL_PCD_SetAddress                       0x08002795   Thumb Code    38  stm32g4xx_hal_pcd.o(i.HAL_PCD_SetAddress)
    HAL_PCD_SetupStageCallback               0x080027bb   Thumb Code    14  usbd_conf.o(i.HAL_PCD_SetupStageCallback)
    HAL_PCD_Start                            0x080027c9   Thumb Code    42  stm32g4xx_hal_pcd.o(i.HAL_PCD_Start)
    HAL_PCD_SuspendCallback                  0x080027f5   Thumb Code    30  usbd_conf.o(i.HAL_PCD_SuspendCallback)
    HAL_PWREx_ControlVoltageScaling          0x08002819   Thumb Code   174  stm32g4xx_hal_pwr_ex.o(i.HAL_PWREx_ControlVoltageScaling)
    HAL_PWREx_DisableUCPDDeadBattery         0x080028d5   Thumb Code    12  stm32g4xx_hal_pwr_ex.o(i.HAL_PWREx_DisableUCPDDeadBattery)
    HAL_RCCEx_PeriphCLKConfig                0x080028e5   Thumb Code   782  stm32g4xx_hal_rcc_ex.o(i.HAL_RCCEx_PeriphCLKConfig)
    HAL_RCC_ClockConfig                      0x08002bfd   Thumb Code   442  stm32g4xx_hal_rcc.o(i.HAL_RCC_ClockConfig)
    HAL_RCC_GetClockConfig                   0x08002dd9   Thumb Code    54  stm32g4xx_hal_rcc.o(i.HAL_RCC_GetClockConfig)
    HAL_RCC_GetPCLK1Freq                     0x08002e19   Thumb Code    24  stm32g4xx_hal_rcc.o(i.HAL_RCC_GetPCLK1Freq)
    HAL_RCC_GetPCLK2Freq                     0x08002e3d   Thumb Code    24  stm32g4xx_hal_rcc.o(i.HAL_RCC_GetPCLK2Freq)
    HAL_RCC_GetSysClockFreq                  0x08002e61   Thumb Code    98  stm32g4xx_hal_rcc.o(i.HAL_RCC_GetSysClockFreq)
    HAL_RCC_OscConfig                        0x08002ecd   Thumb Code   992  stm32g4xx_hal_rcc.o(i.HAL_RCC_OscConfig)
    HAL_SPI_ErrorCallback                    0x080032c1   Thumb Code     2  stm32g4xx_hal_spi.o(i.HAL_SPI_ErrorCallback)
    HAL_SPI_IRQHandler                       0x080032c5   Thumb Code   246  stm32g4xx_hal_spi.o(i.HAL_SPI_IRQHandler)
    HAL_SPI_Init                             0x080033c1   Thumb Code   234  stm32g4xx_hal_spi.o(i.HAL_SPI_Init)
    HAL_SPI_MspInit                          0x080034ad   Thumb Code   102  spi.o(i.HAL_SPI_MspInit)
    HAL_TIMEx_Break2Callback                 0x08003521   Thumb Code     2  stm32g4xx_hal_tim_ex.o(i.HAL_TIMEx_Break2Callback)
    HAL_TIMEx_BreakCallback                  0x08003523   Thumb Code     2  stm32g4xx_hal_tim_ex.o(i.HAL_TIMEx_BreakCallback)
    HAL_TIMEx_CommutCallback                 0x08003525   Thumb Code     2  stm32g4xx_hal_tim_ex.o(i.HAL_TIMEx_CommutCallback)
    HAL_TIMEx_ConfigBreakDeadTime            0x08003529   Thumb Code   154  stm32g4xx_hal_tim_ex.o(i.HAL_TIMEx_ConfigBreakDeadTime)
    HAL_TIMEx_DirectionChangeCallback        0x080035d1   Thumb Code     2  stm32g4xx_hal_tim_ex.o(i.HAL_TIMEx_DirectionChangeCallback)
    HAL_TIMEx_EncoderIndexCallback           0x080035d3   Thumb Code     2  stm32g4xx_hal_tim_ex.o(i.HAL_TIMEx_EncoderIndexCallback)
    HAL_TIMEx_IndexErrorCallback             0x080035d5   Thumb Code     2  stm32g4xx_hal_tim_ex.o(i.HAL_TIMEx_IndexErrorCallback)
    HAL_TIMEx_MasterConfigSynchronization    0x080035d9   Thumb Code   150  stm32g4xx_hal_tim_ex.o(i.HAL_TIMEx_MasterConfigSynchronization)
    HAL_TIMEx_PWMN_Start                     0x08003691   Thumb Code   176  stm32g4xx_hal_tim_ex.o(i.HAL_TIMEx_PWMN_Start)
    HAL_TIMEx_TransitionErrorCallback        0x08003761   Thumb Code     2  stm32g4xx_hal_tim_ex.o(i.HAL_TIMEx_TransitionErrorCallback)
    HAL_TIM_Base_Init                        0x08003763   Thumb Code    98  stm32g4xx_hal_tim.o(i.HAL_TIM_Base_Init)
    HAL_TIM_Base_MspInit                     0x080037c5   Thumb Code    72  tim.o(i.HAL_TIM_Base_MspInit)
    HAL_TIM_Base_Start_IT                    0x08003819   Thumb Code   106  stm32g4xx_hal_tim.o(i.HAL_TIM_Base_Start_IT)
    HAL_TIM_ConfigClockSource                0x080038a5   Thumb Code   236  stm32g4xx_hal_tim.o(i.HAL_TIM_ConfigClockSource)
    HAL_TIM_IC_CaptureCallback               0x08003995   Thumb Code     2  stm32g4xx_hal_tim.o(i.HAL_TIM_IC_CaptureCallback)
    HAL_TIM_IRQHandler                       0x08003997   Thumb Code   418  stm32g4xx_hal_tim.o(i.HAL_TIM_IRQHandler)
    HAL_TIM_MspPostInit                      0x08003b39   Thumb Code   220  tim.o(i.HAL_TIM_MspPostInit)
    HAL_TIM_OC_DelayElapsedCallback          0x08003c25   Thumb Code     2  stm32g4xx_hal_tim.o(i.HAL_TIM_OC_DelayElapsedCallback)
    HAL_TIM_PWM_ConfigChannel                0x08003c27   Thumb Code   292  stm32g4xx_hal_tim.o(i.HAL_TIM_PWM_ConfigChannel)
    HAL_TIM_PWM_Init                         0x08003d4b   Thumb Code    98  stm32g4xx_hal_tim.o(i.HAL_TIM_PWM_Init)
    HAL_TIM_PWM_MspInit                      0x08003dad   Thumb Code    50  tim.o(i.HAL_TIM_PWM_MspInit)
    HAL_TIM_PWM_PulseFinishedCallback        0x08003de5   Thumb Code     2  stm32g4xx_hal_tim.o(i.HAL_TIM_PWM_PulseFinishedCallback)
    HAL_TIM_PWM_Start                        0x08003de9   Thumb Code   246  stm32g4xx_hal_tim.o(i.HAL_TIM_PWM_Start)
    HAL_TIM_PeriodElapsedCallback            0x08003f09   Thumb Code    14  main.o(i.HAL_TIM_PeriodElapsedCallback)
    HAL_TIM_TriggerCallback                  0x08003f1d   Thumb Code     2  stm32g4xx_hal_tim.o(i.HAL_TIM_TriggerCallback)
    HAL_UARTEx_DisableFifoMode               0x08003f1f   Thumb Code    62  stm32g4xx_hal_uart_ex.o(i.HAL_UARTEx_DisableFifoMode)
    HAL_UARTEx_SetRxFifoThreshold            0x08003f5d   Thumb Code    76  stm32g4xx_hal_uart_ex.o(i.HAL_UARTEx_SetRxFifoThreshold)
    HAL_UARTEx_SetTxFifoThreshold            0x08003fa9   Thumb Code    76  stm32g4xx_hal_uart_ex.o(i.HAL_UARTEx_SetTxFifoThreshold)
    HAL_UART_Init                            0x08003ff5   Thumb Code   106  stm32g4xx_hal_uart.o(i.HAL_UART_Init)
    HAL_UART_MspInit                         0x08004061   Thumb Code   114  usart.o(i.HAL_UART_MspInit)
    HAL_UART_Transmit                        0x080040e1   Thumb Code   174  stm32g4xx_hal_uart.o(i.HAL_UART_Transmit)
    HardFault_Handler                        0x0800418f   Thumb Code     2  stm32g4xx_it.o(i.HardFault_Handler)
    MX_ADC1_Init                             0x0800427d   Thumb Code   250  adc.o(i.MX_ADC1_Init)
    MX_ADC2_Init                             0x08004389   Thumb Code   112  adc.o(i.MX_ADC2_Init)
    MX_GPIO_Init                             0x08004405   Thumb Code   182  gpio.o(i.MX_GPIO_Init)
    MX_SPI1_Init                             0x080044c9   Thumb Code    72  spi.o(i.MX_SPI1_Init)
    MX_TIM1_Init                             0x08004519   Thumb Code   264  tim.o(i.MX_TIM1_Init)
    MX_TIM2_Init                             0x08004629   Thumb Code   104  tim.o(i.MX_TIM2_Init)
    MX_TIM3_Init                             0x08004695   Thumb Code    96  tim.o(i.MX_TIM3_Init)
    MX_USART3_UART_Init                      0x080046fd   Thumb Code    92  usart.o(i.MX_USART3_UART_Init)
    MX_USB_Device_Init                       0x08004765   Thumb Code    66  usb_device.o(i.MX_USB_Device_Init)
    MemManage_Handler                        0x080047b9   Thumb Code     2  stm32g4xx_it.o(i.MemManage_Handler)
    NMI_Handler                              0x080047bb   Thumb Code     2  stm32g4xx_it.o(i.NMI_Handler)
    PendSV_Handler                           0x08004b43   Thumb Code     2  stm32g4xx_it.o(i.PendSV_Handler)
    SPI1_IRQHandler                          0x08004b45   Thumb Code     6  stm32g4xx_it.o(i.SPI1_IRQHandler)
    SVC_Handler                              0x08004b63   Thumb Code     2  stm32g4xx_it.o(i.SVC_Handler)
    SysTick_Handler                          0x08004b6f   Thumb Code     2  stm32g4xx_it.o(i.SysTick_Handler)
    SystemClock_Config                       0x08004b71   Thumb Code   106  main.o(i.SystemClock_Config)
    SystemInit                               0x08004bdd   Thumb Code    12  system_stm32g4xx.o(i.SystemInit)
    TIM2_IRQHandler                          0x08004bed   Thumb Code     6  stm32g4xx_it.o(i.TIM2_IRQHandler)
    TIM3_IRQHandler                          0x08004bf9   Thumb Code     6  stm32g4xx_it.o(i.TIM3_IRQHandler)
    TIM6_DAC_IRQHandler                      0x08004c05   Thumb Code     6  stm32g4xx_it.o(i.TIM6_DAC_IRQHandler)
    TIM_Base_SetConfig                       0x08004c11   Thumb Code   190  stm32g4xx_hal_tim.o(i.TIM_Base_SetConfig)
    TIM_CCxChannelCmd                        0x08004cf5   Thumb Code    26  stm32g4xx_hal_tim.o(i.TIM_CCxChannelCmd)
    TIM_ETR_SetConfig                        0x08004d29   Thumb Code    20  stm32g4xx_hal_tim.o(i.TIM_ETR_SetConfig)
    TIM_OC2_SetConfig                        0x08004dfd   Thumb Code   132  stm32g4xx_hal_tim.o(i.TIM_OC2_SetConfig)
    UART_AdvFeatureConfig                    0x0800515d   Thumb Code   200  stm32g4xx_hal_uart.o(i.UART_AdvFeatureConfig)
    UART_CheckIdleState                      0x08005225   Thumb Code   172  stm32g4xx_hal_uart.o(i.UART_CheckIdleState)
    UART_SetConfig                           0x08005325   Thumb Code   616  stm32g4xx_hal_uart.o(i.UART_SetConfig)
    UART_WaitOnFlagUntilTimeout              0x080055bd   Thumb Code   146  stm32g4xx_hal_uart.o(i.UART_WaitOnFlagUntilTimeout)
    USBD_CDC_ConfigStrDescriptor             0x08005651   Thumb Code    16  usbd_desc.o(i.USBD_CDC_ConfigStrDescriptor)
    USBD_CDC_DeviceDescriptor                0x08005741   Thumb Code     8  usbd_desc.o(i.USBD_CDC_DeviceDescriptor)
    USBD_CDC_GetDeviceQualifierDescriptor    0x0800577d   Thumb Code     8  usbd_cdc.o(i.USBD_CDC_GetDeviceQualifierDescriptor)
    USBD_CDC_InterfaceStrDescriptor          0x08005851   Thumb Code    16  usbd_desc.o(i.USBD_CDC_InterfaceStrDescriptor)
    USBD_CDC_LangIDStrDescriptor             0x08005875   Thumb Code     8  usbd_desc.o(i.USBD_CDC_LangIDStrDescriptor)
    USBD_CDC_ManufacturerStrDescriptor       0x08005881   Thumb Code    16  usbd_desc.o(i.USBD_CDC_ManufacturerStrDescriptor)
    USBD_CDC_ProductStrDescriptor            0x080058a9   Thumb Code    16  usbd_desc.o(i.USBD_CDC_ProductStrDescriptor)
    USBD_CDC_ReceivePacket                   0x080058d5   Thumb Code    40  usbd_cdc.o(i.USBD_CDC_ReceivePacket)
    USBD_CDC_RegisterInterface               0x080058fd   Thumb Code    14  usbd_cdc.o(i.USBD_CDC_RegisterInterface)
    USBD_CDC_SerialStrDescriptor             0x0800590d   Thumb Code    48  usbd_desc.o(i.USBD_CDC_SerialStrDescriptor)
    USBD_CDC_SetRxBuffer                     0x08005945   Thumb Code    18  usbd_cdc.o(i.USBD_CDC_SetRxBuffer)
    USBD_CDC_SetTxBuffer                     0x08005957   Thumb Code    22  usbd_cdc.o(i.USBD_CDC_SetTxBuffer)
    USBD_ClrClassConfig                      0x08005a2b   Thumb Code    16  usbd_core.o(i.USBD_ClrClassConfig)
    USBD_CtlContinueRx                       0x08005a3b   Thumb Code    16  usbd_ioreq.o(i.USBD_CtlContinueRx)
    USBD_CtlContinueSendData                 0x08005a4b   Thumb Code    16  usbd_ioreq.o(i.USBD_CtlContinueSendData)
    USBD_CtlError                            0x08005a5b   Thumb Code    22  usbd_ctlreq.o(i.USBD_CtlError)
    USBD_CtlPrepareRx                        0x08005a71   Thumb Code    30  usbd_ioreq.o(i.USBD_CtlPrepareRx)
    USBD_CtlReceiveStatus                    0x08005a8f   Thumb Code    22  usbd_ioreq.o(i.USBD_CtlReceiveStatus)
    USBD_CtlSendData                         0x08005aa5   Thumb Code    26  usbd_ioreq.o(i.USBD_CtlSendData)
    USBD_CtlSendStatus                       0x08005abf   Thumb Code    22  usbd_ioreq.o(i.USBD_CtlSendStatus)
    USBD_GetString                           0x08005bcf   Thumb Code    72  usbd_ctlreq.o(i.USBD_GetString)
    USBD_Init                                0x08005c2f   Thumb Code    38  usbd_core.o(i.USBD_Init)
    USBD_LL_ClearStallEP                     0x08005c55   Thumb Code    18  usbd_conf.o(i.USBD_LL_ClearStallEP)
    USBD_LL_CloseEP                          0x08005c67   Thumb Code    18  usbd_conf.o(i.USBD_LL_CloseEP)
    USBD_LL_DataInStage                      0x08005c79   Thumb Code   168  usbd_core.o(i.USBD_LL_DataInStage)
    USBD_LL_DataOutStage                     0x08005d21   Thumb Code   108  usbd_core.o(i.USBD_LL_DataOutStage)
    USBD_LL_GetRxDataSize                    0x08005d8d   Thumb Code     8  usbd_conf.o(i.USBD_LL_GetRxDataSize)
    USBD_LL_Init                             0x08005d95   Thumb Code   122  usbd_conf.o(i.USBD_LL_Init)
    USBD_LL_IsStallEP                        0x08005e19   Thumb Code    30  usbd_conf.o(i.USBD_LL_IsStallEP)
    USBD_LL_OpenEP                           0x08005e37   Thumb Code    24  usbd_conf.o(i.USBD_LL_OpenEP)
    USBD_LL_PrepareReceive                   0x08005e4f   Thumb Code    18  usbd_conf.o(i.USBD_LL_PrepareReceive)
    USBD_LL_Reset                            0x08005e61   Thumb Code    90  usbd_core.o(i.USBD_LL_Reset)
    USBD_LL_Resume                           0x08005ebb   Thumb Code    20  usbd_core.o(i.USBD_LL_Resume)
    USBD_LL_SOF                              0x08005ecf   Thumb Code    32  usbd_core.o(i.USBD_LL_SOF)
    USBD_LL_SetSpeed                         0x08005eef   Thumb Code     6  usbd_core.o(i.USBD_LL_SetSpeed)
    USBD_LL_SetUSBAddress                    0x08005ef5   Thumb Code    18  usbd_conf.o(i.USBD_LL_SetUSBAddress)
    USBD_LL_SetupStage                       0x08005f07   Thumb Code    96  usbd_core.o(i.USBD_LL_SetupStage)
    USBD_LL_StallEP                          0x08005f67   Thumb Code    18  usbd_conf.o(i.USBD_LL_StallEP)
    USBD_LL_Start                            0x08005f79   Thumb Code    18  usbd_conf.o(i.USBD_LL_Start)
    USBD_LL_Suspend                          0x08005f8b   Thumb Code    18  usbd_core.o(i.USBD_LL_Suspend)
    USBD_LL_Transmit                         0x08005f9d   Thumb Code    18  usbd_conf.o(i.USBD_LL_Transmit)
    USBD_ParseSetupRequest                   0x08005faf   Thumb Code    48  usbd_ctlreq.o(i.USBD_ParseSetupRequest)
    USBD_RegisterClass                       0x08005fdf   Thumb Code    36  usbd_core.o(i.USBD_RegisterClass)
    USBD_SetClassConfig                      0x08006003   Thumb Code    20  usbd_core.o(i.USBD_SetClassConfig)
    USBD_Start                               0x080060d5   Thumb Code     4  usbd_core.o(i.USBD_Start)
    USBD_StdDevReq                           0x080060d9   Thumb Code   276  usbd_ctlreq.o(i.USBD_StdDevReq)
    USBD_StdEPReq                            0x080061ed   Thumb Code   320  usbd_ctlreq.o(i.USBD_StdEPReq)
    USBD_StdItfReq                           0x0800632d   Thumb Code    82  usbd_ctlreq.o(i.USBD_StdItfReq)
    USBD_static_free                         0x0800637f   Thumb Code     2  usbd_conf.o(i.USBD_static_free)
    USBD_static_malloc                       0x08006381   Thumb Code     4  usbd_conf.o(i.USBD_static_malloc)
    USB_ActivateEndpoint                     0x08006389   Thumb Code   638  stm32g4xx_ll_usb.o(i.USB_ActivateEndpoint)
    USB_DeactivateEndpoint                   0x08006607   Thumb Code   272  stm32g4xx_ll_usb.o(i.USB_DeactivateEndpoint)
    USB_DevConnect                           0x08006717   Thumb Code    14  stm32g4xx_ll_usb.o(i.USB_DevConnect)
    USB_DevInit                              0x08006725   Thumb Code    18  stm32g4xx_ll_usb.o(i.USB_DevInit)
    USB_DisableGlobalInt                     0x08006737   Thumb Code    16  stm32g4xx_ll_usb.o(i.USB_DisableGlobalInt)
    USB_EPClearStall                         0x08006747   Thumb Code   116  stm32g4xx_ll_usb.o(i.USB_EPClearStall)
    USB_EPSetStall                           0x080067bb   Thumb Code    50  stm32g4xx_ll_usb.o(i.USB_EPSetStall)
    USB_EPStartXfer                          0x080067ed   Thumb Code  1248  stm32g4xx_ll_usb.o(i.USB_EPStartXfer)
    USB_EnableGlobalInt                      0x08006ccd   Thumb Code    18  stm32g4xx_ll_usb.o(i.USB_EnableGlobalInt)
    USB_LP_IRQHandler                        0x08006ce1   Thumb Code     6  stm32g4xx_it.o(i.USB_LP_IRQHandler)
    USB_ReadInterrupts                       0x08006ced   Thumb Code     6  stm32g4xx_ll_usb.o(i.USB_ReadInterrupts)
    USB_ReadPMA                              0x08006cf3   Thumb Code    40  stm32g4xx_ll_usb.o(i.USB_ReadPMA)
    USB_SetDevAddress                        0x08006d1b   Thumb Code    12  stm32g4xx_ll_usb.o(i.USB_SetDevAddress)
    USB_WritePMA                             0x08006d27   Thumb Code    36  stm32g4xx_ll_usb.o(i.USB_WritePMA)
    UsageFault_Handler                       0x08006d4b   Thumb Code     2  stm32g4xx_it.o(i.UsageFault_Handler)
    decompAlBe                               0x08006d6d   Thumb Code    54  foc_math.o(i.decompAlBe)
    main                                     0x08006da5   Thumb Code   138  main.o(i.main)
    set_duty                                 0x08006e3d   Thumb Code    66  foc_app.o(i.set_duty)
    svpwm                                    0x08006e89   Thumb Code   368  foc_math.o(i.svpwm)
    vf_mode                                  0x08007009   Thumb Code   192  foc_app.o(i.vf_mode)
    vofa_init                                0x080070d9   Thumb Code    18  vofa.o(i.vofa_init)
    vofa_send                                0x080070f5   Thumb Code    46  vofa.o(i.vofa_send)
    vofa_set_channel                         0x08007131   Thumb Code    22  vofa.o(i.vofa_set_channel)
    _fp_init                                 0x08007151   Thumb Code    10  fpinit.o(x$fpl$fpinit)
    __fplib_config_fpu_vfp                   0x08007159   Thumb Code     0  fpinit.o(x$fpl$fpinit)
    __fplib_config_pureend_doubles           0x08007159   Thumb Code     0  fpinit.o(x$fpl$fpinit)
    UARTPrescTable                           0x0800715a   Data          24  stm32g4xx_hal_uart.o(.constdata)
    AHBPrescTable                            0x08007182   Data          16  system_stm32g4xx.o(.constdata)
    APBPrescTable                            0x08007192   Data           8  system_stm32g4xx.o(.constdata)
    sinTable_f32                             0x0800719c   Data        2052  arm_common_tables.o(.rodata.sinTable_f32)
    Region$$Table$$Base                      0x080079a0   Number         0  anon$$obj.o(Region$$Table)
    Region$$Table$$Limit                     0x080079c0   Number         0  anon$$obj.o(Region$$Table)
    CDC_Desc                                 0x20000004   Data          32  usbd_desc.o(.data)
    USBD_LangIDDesc                          0x20000024   Data           4  usbd_desc.o(.data)
    USBD_CDC_DeviceDesc                      0x20000028   Data          18  usbd_desc.o(.data)
    USBD_StringSerial                        0x2000003c   Data          26  usbd_desc.o(.data)
    USBD_Interface_fops_FS                   0x20000058   Data          20  usbd_cdc_if.o(.data)
    uwTickPrio                               0x2000006c   Data           4  stm32g4xx_hal.o(.data)
    uwTickFreq                               0x20000070   Data           4  stm32g4xx_hal.o(.data)
    uwTick                                   0x20000074   Data           4  stm32g4xx_hal.o(.data)
    SystemCoreClock                          0x20000078   Data           4  system_stm32g4xx.o(.data)
    USBD_CDC                                 0x20000158   Data          56  usbd_cdc.o(.data)
    vangle                                   0x20000198   Data           4  foc_app.o(.data)
    vamp                                     0x2000019c   Data           4  foc_app.o(.data)
    hadc1                                    0x200001a4   Data         108  adc.o(.bss)
    hadc2                                    0x20000210   Data         108  adc.o(.bss)
    hspi1                                    0x2000027c   Data         100  spi.o(.bss)
    htim1                                    0x200002e0   Data          76  tim.o(.bss)
    htim2                                    0x2000032c   Data          76  tim.o(.bss)
    htim3                                    0x20000378   Data          76  tim.o(.bss)
    huart3                                   0x200003c4   Data         148  usart.o(.bss)
    htim6                                    0x20000458   Data          76  stm32g4xx_hal_timebase_tim.o(.bss)
    hpcd_USB_FS                              0x200006c4   Data         732  usbd_conf.o(.bss)
    hUsbDeviceFS                             0x200009a0   Data         720  usb_device.o(.bss)
    USBD_StrDesc                             0x20000c70   Data         512  usbd_desc.o(.bss)
    UserRxBufferFS                           0x20000e70   Data        2048  usbd_cdc_if.o(.bss)
    UserTxBufferFS                           0x20001670   Data        2048  usbd_cdc_if.o(.bss)
    __libspace_start                         0x20001ff4   Data          96  libspace.o(.bss)
    __temporary_stack_top$libspace           0x20002054   Data           0  libspace.o(.bss)



==============================================================================

Memory Map of the image

  Image Entry point : 0x080001d9

  Load Region LR_IROM1 (Base: 0x08000000, Size: 0x00007b64, Max: 0x00080000, ABSOLUTE, COMPRESSED[0x00007a8c])

    Execution Region ER_IROM1 (Exec base: 0x08000000, Load base: 0x08000000, Size: 0x000079c0, Max: 0x00080000, ABSOLUTE)

    Exec Addr    Load Addr    Size         Type   Attr      Idx    E Section Name        Object

    0x08000000   0x08000000   0x000001d8   Data   RO            3    RESET               startup_stm32g474xx.o
    0x080001d8   0x080001d8   0x00000008   Code   RO         6376  * !!!main             c_w.l(__main.o)
    0x080001e0   0x080001e0   0x00000034   Code   RO         6782    !!!scatter          c_w.l(__scatter.o)
    0x08000214   0x08000214   0x0000005a   Code   RO         6780    !!dczerorl2         c_w.l(__dczerorl2.o)
    0x0800026e   0x0800026e   0x00000002   PAD
    0x08000270   0x08000270   0x0000001c   Code   RO         6784    !!handler_zi        c_w.l(__scatter_zi.o)
    0x0800028c   0x0800028c   0x00000002   Code   RO         6642    .ARM.Collect$$libinit$$00000000  c_w.l(libinit.o)
    0x0800028e   0x0800028e   0x00000004   Code   RO         6660    .ARM.Collect$$libinit$$00000001  c_w.l(libinit2.o)
    0x08000292   0x08000292   0x00000000   Code   RO         6663    .ARM.Collect$$libinit$$00000004  c_w.l(libinit2.o)
    0x08000292   0x08000292   0x00000000   Code   RO         6666    .ARM.Collect$$libinit$$0000000A  c_w.l(libinit2.o)
    0x08000292   0x08000292   0x00000000   Code   RO         6668    .ARM.Collect$$libinit$$0000000C  c_w.l(libinit2.o)
    0x08000292   0x08000292   0x00000000   Code   RO         6670    .ARM.Collect$$libinit$$0000000E  c_w.l(libinit2.o)
    0x08000292   0x08000292   0x00000000   Code   RO         6673    .ARM.Collect$$libinit$$00000011  c_w.l(libinit2.o)
    0x08000292   0x08000292   0x00000000   Code   RO         6675    .ARM.Collect$$libinit$$00000013  c_w.l(libinit2.o)
    0x08000292   0x08000292   0x00000000   Code   RO         6677    .ARM.Collect$$libinit$$00000015  c_w.l(libinit2.o)
    0x08000292   0x08000292   0x00000000   Code   RO         6679    .ARM.Collect$$libinit$$00000017  c_w.l(libinit2.o)
    0x08000292   0x08000292   0x00000000   Code   RO         6681    .ARM.Collect$$libinit$$00000019  c_w.l(libinit2.o)
    0x08000292   0x08000292   0x00000000   Code   RO         6683    .ARM.Collect$$libinit$$0000001B  c_w.l(libinit2.o)
    0x08000292   0x08000292   0x00000000   Code   RO         6685    .ARM.Collect$$libinit$$0000001D  c_w.l(libinit2.o)
    0x08000292   0x08000292   0x00000000   Code   RO         6687    .ARM.Collect$$libinit$$0000001F  c_w.l(libinit2.o)
    0x08000292   0x08000292   0x00000000   Code   RO         6689    .ARM.Collect$$libinit$$00000021  c_w.l(libinit2.o)
    0x08000292   0x08000292   0x00000000   Code   RO         6691    .ARM.Collect$$libinit$$00000023  c_w.l(libinit2.o)
    0x08000292   0x08000292   0x00000000   Code   RO         6693    .ARM.Collect$$libinit$$00000025  c_w.l(libinit2.o)
    0x08000292   0x08000292   0x00000000   Code   RO         6697    .ARM.Collect$$libinit$$0000002C  c_w.l(libinit2.o)
    0x08000292   0x08000292   0x00000000   Code   RO         6699    .ARM.Collect$$libinit$$0000002E  c_w.l(libinit2.o)
    0x08000292   0x08000292   0x00000000   Code   RO         6701    .ARM.Collect$$libinit$$00000030  c_w.l(libinit2.o)
    0x08000292   0x08000292   0x00000000   Code   RO         6703    .ARM.Collect$$libinit$$00000032  c_w.l(libinit2.o)
    0x08000292   0x08000292   0x00000002   Code   RO         6704    .ARM.Collect$$libinit$$00000033  c_w.l(libinit2.o)
    0x08000294   0x08000294   0x00000002   Code   RO         6735    .ARM.Collect$$libshutdown$$00000000  c_w.l(libshutdown.o)
    0x08000296   0x08000296   0x00000000   Code   RO         6761    .ARM.Collect$$libshutdown$$00000002  c_w.l(libshutdown2.o)
    0x08000296   0x08000296   0x00000000   Code   RO         6763    .ARM.Collect$$libshutdown$$00000004  c_w.l(libshutdown2.o)
    0x08000296   0x08000296   0x00000000   Code   RO         6765    .ARM.Collect$$libshutdown$$00000006  c_w.l(libshutdown2.o)
    0x08000296   0x08000296   0x00000000   Code   RO         6768    .ARM.Collect$$libshutdown$$00000009  c_w.l(libshutdown2.o)
    0x08000296   0x08000296   0x00000000   Code   RO         6771    .ARM.Collect$$libshutdown$$0000000C  c_w.l(libshutdown2.o)
    0x08000296   0x08000296   0x00000000   Code   RO         6773    .ARM.Collect$$libshutdown$$0000000E  c_w.l(libshutdown2.o)
    0x08000296   0x08000296   0x00000000   Code   RO         6776    .ARM.Collect$$libshutdown$$00000011  c_w.l(libshutdown2.o)
    0x08000296   0x08000296   0x00000002   Code   RO         6777    .ARM.Collect$$libshutdown$$00000012  c_w.l(libshutdown2.o)
    0x08000298   0x08000298   0x00000000   Code   RO         6404    .ARM.Collect$$rtentry$$00000000  c_w.l(__rtentry.o)
    0x08000298   0x08000298   0x00000000   Code   RO         6544    .ARM.Collect$$rtentry$$00000002  c_w.l(__rtentry2.o)
    0x08000298   0x08000298   0x00000006   Code   RO         6556    .ARM.Collect$$rtentry$$00000004  c_w.l(__rtentry4.o)
    0x0800029e   0x0800029e   0x00000000   Code   RO         6546    .ARM.Collect$$rtentry$$00000009  c_w.l(__rtentry2.o)
    0x0800029e   0x0800029e   0x00000004   Code   RO         6547    .ARM.Collect$$rtentry$$0000000A  c_w.l(__rtentry2.o)
    0x080002a2   0x080002a2   0x00000000   Code   RO         6549    .ARM.Collect$$rtentry$$0000000C  c_w.l(__rtentry2.o)
    0x080002a2   0x080002a2   0x00000008   Code   RO         6550    .ARM.Collect$$rtentry$$0000000D  c_w.l(__rtentry2.o)
    0x080002aa   0x080002aa   0x00000002   Code   RO         6647    .ARM.Collect$$rtexit$$00000000  c_w.l(rtexit.o)
    0x080002ac   0x080002ac   0x00000000   Code   RO         6708    .ARM.Collect$$rtexit$$00000002  c_w.l(rtexit2.o)
    0x080002ac   0x080002ac   0x00000004   Code   RO         6709    .ARM.Collect$$rtexit$$00000003  c_w.l(rtexit2.o)
    0x080002b0   0x080002b0   0x00000006   Code   RO         6710    .ARM.Collect$$rtexit$$00000004  c_w.l(rtexit2.o)
    0x080002b6   0x080002b6   0x00000002   PAD
    0x080002b8   0x080002b8   0x00000040   Code   RO            4    .text               startup_stm32g474xx.o
    0x080002f8   0x080002f8   0x000000ee   Code   RO         6368    .text               c_w.l(lludivv7m.o)
    0x080003e6   0x080003e6   0x0000004e   Code   RO         6372    .text               c_w.l(rt_memclr_w.o)
    0x08000434   0x08000434   0x00000006   Code   RO         6374    .text               c_w.l(heapauxi.o)
    0x0800043a   0x0800043a   0x00000002   PAD
    0x0800043c   0x0800043c   0x00000008   Code   RO         6589    .text               c_w.l(libspace.o)
    0x08000444   0x08000444   0x0000004a   Code   RO         6592    .text               c_w.l(sys_stackheap_outer.o)
    0x0800048e   0x0800048e   0x00000012   Code   RO         6631    .text               c_w.l(exit.o)
    0x080004a0   0x080004a0   0x0000000c   Code   RO         6705    .text               c_w.l(sys_exit.o)
    0x080004ac   0x080004ac   0x00000002   Code   RO         6724    .text               c_w.l(use_no_semi.o)
    0x080004ae   0x080004ae   0x00000000   Code   RO         6726    .text               c_w.l(indicate_semi.o)
    0x080004ae   0x080004ae   0x00000002   PAD
    0x080004b0   0x080004b0   0x00000098   Code   RO         6229    .text.arm_cos_f32   arm_cortexM4lf_math.lib(arm_cos_f32.o)
    0x08000548   0x08000548   0x00000090   Code   RO         6238    .text.arm_sin_f32   arm_cortexM4lf_math.lib(arm_sin_f32.o)
    0x080005d8   0x080005d8   0x0000001c   Code   RO          469    i.ADC1_2_IRQHandler  stm32g4xx_it.o
    0x080005f4   0x080005f4   0x000000c8   Code   RO         3020    i.ADC_Enable        stm32g4xx_hal_adc.o
    0x080006bc   0x080006bc   0x00000002   Code   RO          470    i.BusFault_Handler  stm32g4xx_it.o
    0x080006be   0x080006be   0x00000004   Code   RO          998    i.CDC_Control_FS    usbd_cdc_if.o
    0x080006c2   0x080006c2   0x00000004   Code   RO          999    i.CDC_DeInit_FS     usbd_cdc_if.o
    0x080006c6   0x080006c6   0x00000002   PAD
    0x080006c8   0x080006c8   0x00000024   Code   RO         1000    i.CDC_Init_FS       usbd_cdc_if.o
    0x080006ec   0x080006ec   0x00000018   Code   RO         1001    i.CDC_Receive_FS    usbd_cdc_if.o
    0x08000704   0x08000704   0x00000004   Code   RO         1002    i.CDC_TransmitCplt_FS  usbd_cdc_if.o
    0x08000708   0x08000708   0x00000002   Code   RO          471    i.DebugMon_Handler  stm32g4xx_it.o
    0x0800070a   0x0800070a   0x00000004   Code   RO           13    i.Error_Handler     main.o
    0x0800070e   0x0800070e   0x00000002   Code   RO         3262    i.HAL_ADCEx_EndOfSamplingCallback  stm32g4xx_hal_adc_ex.o
    0x08000710   0x08000710   0x00000558   Code   RO         3264    i.HAL_ADCEx_InjectedConfigChannel  stm32g4xx_hal_adc_ex.o
    0x08000c68   0x08000c68   0x00000002   Code   RO         3265    i.HAL_ADCEx_InjectedConvCpltCallback  stm32g4xx_hal_adc_ex.o
    0x08000c6a   0x08000c6a   0x00000002   Code   RO         3268    i.HAL_ADCEx_InjectedQueueOverflowCallback  stm32g4xx_hal_adc_ex.o
    0x08000c6c   0x08000c6c   0x00000120   Code   RO         3269    i.HAL_ADCEx_InjectedStart  stm32g4xx_hal_adc_ex.o
    0x08000d8c   0x08000d8c   0x00000158   Code   RO         3270    i.HAL_ADCEx_InjectedStart_IT  stm32g4xx_hal_adc_ex.o
    0x08000ee4   0x08000ee4   0x00000002   Code   RO         3273    i.HAL_ADCEx_LevelOutOfWindow2Callback  stm32g4xx_hal_adc_ex.o
    0x08000ee6   0x08000ee6   0x00000002   Code   RO         3274    i.HAL_ADCEx_LevelOutOfWindow3Callback  stm32g4xx_hal_adc_ex.o
    0x08000ee8   0x08000ee8   0x00000150   Code   RO         3275    i.HAL_ADCEx_MultiModeConfigChannel  stm32g4xx_hal_adc_ex.o
    0x08001038   0x08001038   0x00000464   Code   RO         3022    i.HAL_ADC_ConfigChannel  stm32g4xx_hal_adc.o
    0x0800149c   0x0800149c   0x00000002   Code   RO         3023    i.HAL_ADC_ConvCpltCallback  stm32g4xx_hal_adc.o
    0x0800149e   0x0800149e   0x00000002   Code   RO         3026    i.HAL_ADC_ErrorCallback  stm32g4xx_hal_adc.o
    0x080014a0   0x080014a0   0x000002b8   Code   RO         3030    i.HAL_ADC_IRQHandler  stm32g4xx_hal_adc.o
    0x08001758   0x08001758   0x00000234   Code   RO         3031    i.HAL_ADC_Init      stm32g4xx_hal_adc.o
    0x0800198c   0x0800198c   0x00000002   Code   RO         3032    i.HAL_ADC_LevelOutOfWindowCallback  stm32g4xx_hal_adc.o
    0x0800198e   0x0800198e   0x00000002   PAD
    0x08001990   0x08001990   0x000000ec   Code   RO          265    i.HAL_ADC_MspInit   adc.o
    0x08001a7c   0x08001a7c   0x00000078   Code   RO         2377    i.HAL_DMA_Abort_IT  stm32g4xx_hal_dma.o
    0x08001af4   0x08001af4   0x00000024   Code   RO         1513    i.HAL_Delay         stm32g4xx_hal.o
    0x08001b18   0x08001b18   0x000001b0   Code   RO         2238    i.HAL_GPIO_Init     stm32g4xx_hal_gpio.o
    0x08001cc8   0x08001cc8   0x0000000a   Code   RO         2242    i.HAL_GPIO_WritePin  stm32g4xx_hal_gpio.o
    0x08001cd2   0x08001cd2   0x00000002   PAD
    0x08001cd4   0x08001cd4   0x0000000c   Code   RO         1517    i.HAL_GetTick       stm32g4xx_hal.o
    0x08001ce0   0x08001ce0   0x00000010   Code   RO         1523    i.HAL_IncTick       stm32g4xx_hal.o
    0x08001cf0   0x08001cf0   0x0000001e   Code   RO         1524    i.HAL_Init          stm32g4xx_hal.o
    0x08001d0e   0x08001d0e   0x00000002   PAD
    0x08001d10   0x08001d10   0x00000088   Code   RO          605    i.HAL_InitTick      stm32g4xx_hal_timebase_tim.o
    0x08001d98   0x08001d98   0x00000030   Code   RO          581    i.HAL_MspInit       stm32g4xx_hal_msp.o
    0x08001dc8   0x08001dc8   0x0000001a   Code   RO         2885    i.HAL_NVIC_EnableIRQ  stm32g4xx_hal_cortex.o
    0x08001de2   0x08001de2   0x00000002   PAD
    0x08001de4   0x08001de4   0x00000040   Code   RO         2891    i.HAL_NVIC_SetPriority  stm32g4xx_hal_cortex.o
    0x08001e24   0x08001e24   0x00000024   Code   RO         2892    i.HAL_NVIC_SetPriorityGrouping  stm32g4xx_hal_cortex.o
    0x08001e48   0x08001e48   0x00000024   Code   RO         1291    i.HAL_PCDEx_ActivateLPM  stm32g4xx_hal_pcd_ex.o
    0x08001e6c   0x08001e6c   0x00000044   Code   RO          644    i.HAL_PCDEx_LPM_Callback  usbd_conf.o
    0x08001eb0   0x08001eb0   0x0000003c   Code   RO         1297    i.HAL_PCDEx_PMAConfig  stm32g4xx_hal_pcd_ex.o
    0x08001eec   0x08001eec   0x00000012   Code   RO          646    i.HAL_PCD_DataInStageCallback  usbd_conf.o
    0x08001efe   0x08001efe   0x00000014   Code   RO          647    i.HAL_PCD_DataOutStageCallback  usbd_conf.o
    0x08001f12   0x08001f12   0x0000004a   Code   RO         1069    i.HAL_PCD_EP_Close  stm32g4xx_hal_pcd.o
    0x08001f5c   0x08001f5c   0x0000005a   Code   RO         1070    i.HAL_PCD_EP_ClrStall  stm32g4xx_hal_pcd.o
    0x08001fb6   0x08001fb6   0x000000dc   Code   RO         1071    i.HAL_PCD_EP_DB_Receive  stm32g4xx_hal_pcd.o
    0x08002092   0x08002092   0x0000034a   Code   RO         1072    i.HAL_PCD_EP_DB_Transmit  stm32g4xx_hal_pcd.o
    0x080023dc   0x080023dc   0x00000012   Code   RO         1074    i.HAL_PCD_EP_GetRxCount  stm32g4xx_hal_pcd.o
    0x080023ee   0x080023ee   0x00000058   Code   RO         1075    i.HAL_PCD_EP_Open   stm32g4xx_hal_pcd.o
    0x08002446   0x08002446   0x0000002e   Code   RO         1076    i.HAL_PCD_EP_Receive  stm32g4xx_hal_pcd.o
    0x08002474   0x08002474   0x0000005e   Code   RO         1077    i.HAL_PCD_EP_SetStall  stm32g4xx_hal_pcd.o
    0x080024d2   0x080024d2   0x0000002e   Code   RO         1078    i.HAL_PCD_EP_Transmit  stm32g4xx_hal_pcd.o
    0x08002500   0x08002500   0x0000014a   Code   RO         1080    i.HAL_PCD_IRQHandler  stm32g4xx_hal_pcd.o
    0x0800264a   0x0800264a   0x0000009a   Code   RO         1083    i.HAL_PCD_Init      stm32g4xx_hal_pcd.o
    0x080026e4   0x080026e4   0x00000058   Code   RO          652    i.HAL_PCD_MspInit   usbd_conf.o
    0x0800273c   0x0800273c   0x00000026   Code   RO          653    i.HAL_PCD_ResetCallback  usbd_conf.o
    0x08002762   0x08002762   0x00000002   PAD
    0x08002764   0x08002764   0x00000028   Code   RO          654    i.HAL_PCD_ResumeCallback  usbd_conf.o
    0x0800278c   0x0800278c   0x00000008   Code   RO          655    i.HAL_PCD_SOFCallback  usbd_conf.o
    0x08002794   0x08002794   0x00000026   Code   RO         1089    i.HAL_PCD_SetAddress  stm32g4xx_hal_pcd.o
    0x080027ba   0x080027ba   0x0000000e   Code   RO          656    i.HAL_PCD_SetupStageCallback  usbd_conf.o
    0x080027c8   0x080027c8   0x0000002a   Code   RO         1091    i.HAL_PCD_Start     stm32g4xx_hal_pcd.o
    0x080027f2   0x080027f2   0x00000002   PAD
    0x080027f4   0x080027f4   0x00000024   Code   RO          657    i.HAL_PCD_SuspendCallback  usbd_conf.o
    0x08002818   0x08002818   0x000000bc   Code   RO         2641    i.HAL_PWREx_ControlVoltageScaling  stm32g4xx_hal_pwr_ex.o
    0x080028d4   0x080028d4   0x00000010   Code   RO         2653    i.HAL_PWREx_DisableUCPDDeadBattery  stm32g4xx_hal_pwr_ex.o
    0x080028e4   0x080028e4   0x00000318   Code   RO         1884    i.HAL_RCCEx_PeriphCLKConfig  stm32g4xx_hal_rcc_ex.o
    0x08002bfc   0x08002bfc   0x000001dc   Code   RO         1759    i.HAL_RCC_ClockConfig  stm32g4xx_hal_rcc.o
    0x08002dd8   0x08002dd8   0x00000040   Code   RO         1764    i.HAL_RCC_GetClockConfig  stm32g4xx_hal_rcc.o
    0x08002e18   0x08002e18   0x00000024   Code   RO         1767    i.HAL_RCC_GetPCLK1Freq  stm32g4xx_hal_rcc.o
    0x08002e3c   0x08002e3c   0x00000024   Code   RO         1768    i.HAL_RCC_GetPCLK2Freq  stm32g4xx_hal_rcc.o
    0x08002e60   0x08002e60   0x0000006c   Code   RO         1769    i.HAL_RCC_GetSysClockFreq  stm32g4xx_hal_rcc.o
    0x08002ecc   0x08002ecc   0x000003f4   Code   RO         1772    i.HAL_RCC_OscConfig  stm32g4xx_hal_rcc.o
    0x080032c0   0x080032c0   0x00000002   Code   RO         3481    i.HAL_SPI_ErrorCallback  stm32g4xx_hal_spi.o
    0x080032c2   0x080032c2   0x00000002   PAD
    0x080032c4   0x080032c4   0x000000fc   Code   RO         3484    i.HAL_SPI_IRQHandler  stm32g4xx_hal_spi.o
    0x080033c0   0x080033c0   0x000000ea   Code   RO         3485    i.HAL_SPI_Init      stm32g4xx_hal_spi.o
    0x080034aa   0x080034aa   0x00000002   PAD
    0x080034ac   0x080034ac   0x00000074   Code   RO          314    i.HAL_SPI_MspInit   spi.o
    0x08003520   0x08003520   0x00000002   Code   RO         4541    i.HAL_TIMEx_Break2Callback  stm32g4xx_hal_tim_ex.o
    0x08003522   0x08003522   0x00000002   Code   RO         4542    i.HAL_TIMEx_BreakCallback  stm32g4xx_hal_tim_ex.o
    0x08003524   0x08003524   0x00000002   Code   RO         4543    i.HAL_TIMEx_CommutCallback  stm32g4xx_hal_tim_ex.o
    0x08003526   0x08003526   0x00000002   PAD
    0x08003528   0x08003528   0x000000a8   Code   RO         4546    i.HAL_TIMEx_ConfigBreakDeadTime  stm32g4xx_hal_tim_ex.o
    0x080035d0   0x080035d0   0x00000002   Code   RO         4554    i.HAL_TIMEx_DirectionChangeCallback  stm32g4xx_hal_tim_ex.o
    0x080035d2   0x080035d2   0x00000002   Code   RO         4568    i.HAL_TIMEx_EncoderIndexCallback  stm32g4xx_hal_tim_ex.o
    0x080035d4   0x080035d4   0x00000002   Code   RO         4582    i.HAL_TIMEx_IndexErrorCallback  stm32g4xx_hal_tim_ex.o
    0x080035d6   0x080035d6   0x00000002   PAD
    0x080035d8   0x080035d8   0x000000b8   Code   RO         4583    i.HAL_TIMEx_MasterConfigSynchronization  stm32g4xx_hal_tim_ex.o
    0x08003690   0x08003690   0x000000d0   Code   RO         4595    i.HAL_TIMEx_PWMN_Start  stm32g4xx_hal_tim_ex.o
    0x08003760   0x08003760   0x00000002   Code   RO         4604    i.HAL_TIMEx_TransitionErrorCallback  stm32g4xx_hal_tim_ex.o
    0x08003762   0x08003762   0x00000062   Code   RO         3827    i.HAL_TIM_Base_Init  stm32g4xx_hal_tim.o
    0x080037c4   0x080037c4   0x00000054   Code   RO          356    i.HAL_TIM_Base_MspInit  tim.o
    0x08003818   0x08003818   0x0000008c   Code   RO         3832    i.HAL_TIM_Base_Start_IT  stm32g4xx_hal_tim.o
    0x080038a4   0x080038a4   0x000000f0   Code   RO         3836    i.HAL_TIM_ConfigClockSource  stm32g4xx_hal_tim.o
    0x08003994   0x08003994   0x00000002   Code   RO         3861    i.HAL_TIM_IC_CaptureCallback  stm32g4xx_hal_tim.o
    0x08003996   0x08003996   0x000001a2   Code   RO         3875    i.HAL_TIM_IRQHandler  stm32g4xx_hal_tim.o
    0x08003b38   0x08003b38   0x000000ec   Code   RO          357    i.HAL_TIM_MspPostInit  tim.o
    0x08003c24   0x08003c24   0x00000002   Code   RO         3878    i.HAL_TIM_OC_DelayElapsedCallback  stm32g4xx_hal_tim.o
    0x08003c26   0x08003c26   0x00000124   Code   RO         3899    i.HAL_TIM_PWM_ConfigChannel  stm32g4xx_hal_tim.o
    0x08003d4a   0x08003d4a   0x00000062   Code   RO         3902    i.HAL_TIM_PWM_Init  stm32g4xx_hal_tim.o
    0x08003dac   0x08003dac   0x00000038   Code   RO          359    i.HAL_TIM_PWM_MspInit  tim.o
    0x08003de4   0x08003de4   0x00000002   Code   RO         3905    i.HAL_TIM_PWM_PulseFinishedCallback  stm32g4xx_hal_tim.o
    0x08003de6   0x08003de6   0x00000002   PAD
    0x08003de8   0x08003de8   0x00000120   Code   RO         3907    i.HAL_TIM_PWM_Start  stm32g4xx_hal_tim.o
    0x08003f08   0x08003f08   0x00000014   Code   RO           14    i.HAL_TIM_PeriodElapsedCallback  main.o
    0x08003f1c   0x08003f1c   0x00000002   Code   RO         3918    i.HAL_TIM_TriggerCallback  stm32g4xx_hal_tim.o
    0x08003f1e   0x08003f1e   0x0000003e   Code   RO         5390    i.HAL_UARTEx_DisableFifoMode  stm32g4xx_hal_uart_ex.o
    0x08003f5c   0x08003f5c   0x0000004c   Code   RO         5399    i.HAL_UARTEx_SetRxFifoThreshold  stm32g4xx_hal_uart_ex.o
    0x08003fa8   0x08003fa8   0x0000004c   Code   RO         5400    i.HAL_UARTEx_SetTxFifoThreshold  stm32g4xx_hal_uart_ex.o
    0x08003ff4   0x08003ff4   0x0000006a   Code   RO         4999    i.HAL_UART_Init     stm32g4xx_hal_uart.o
    0x0800405e   0x0800405e   0x00000002   PAD
    0x08004060   0x08004060   0x00000080   Code   RO          428    i.HAL_UART_MspInit  usart.o
    0x080040e0   0x080040e0   0x000000ae   Code   RO         5008    i.HAL_UART_Transmit  stm32g4xx_hal_uart.o
    0x0800418e   0x0800418e   0x00000002   Code   RO          472    i.HardFault_Handler  stm32g4xx_it.o
    0x08004190   0x08004190   0x00000036   Code   RO          912    i.IntToUnicode      usbd_desc.o
    0x080041c6   0x080041c6   0x0000000c   Code   RO         3045    i.LL_ADC_GetOffsetChannel  stm32g4xx_hal_adc.o
    0x080041d2   0x080041d2   0x0000000c   Code   RO         3283    i.LL_ADC_GetOffsetChannel  stm32g4xx_hal_adc_ex.o
    0x080041de   0x080041de   0x00000008   Code   RO         3046    i.LL_ADC_INJ_IsConversionOngoing  stm32g4xx_hal_adc.o
    0x080041e6   0x080041e6   0x00000008   Code   RO         3284    i.LL_ADC_INJ_IsConversionOngoing  stm32g4xx_hal_adc_ex.o
    0x080041ee   0x080041ee   0x00000008   Code   RO         3047    i.LL_ADC_IsEnabled  stm32g4xx_hal_adc.o
    0x080041f6   0x080041f6   0x00000008   Code   RO         3285    i.LL_ADC_IsEnabled  stm32g4xx_hal_adc_ex.o
    0x080041fe   0x080041fe   0x00000008   Code   RO         3048    i.LL_ADC_REG_IsConversionOngoing  stm32g4xx_hal_adc.o
    0x08004206   0x08004206   0x00000008   Code   RO         3286    i.LL_ADC_REG_IsConversionOngoing  stm32g4xx_hal_adc_ex.o
    0x0800420e   0x0800420e   0x00000010   Code   RO         3049    i.LL_ADC_REG_IsTriggerSourceSWStart  stm32g4xx_hal_adc.o
    0x0800421e   0x0800421e   0x0000001e   Code   RO         3051    i.LL_ADC_SetChannelSamplingTime  stm32g4xx_hal_adc.o
    0x0800423c   0x0800423c   0x0000001e   Code   RO         3287    i.LL_ADC_SetChannelSamplingTime  stm32g4xx_hal_adc_ex.o
    0x0800425a   0x0800425a   0x00000010   Code   RO         3052    i.LL_ADC_SetOffsetState  stm32g4xx_hal_adc.o
    0x0800426a   0x0800426a   0x00000010   Code   RO         3288    i.LL_ADC_SetOffsetState  stm32g4xx_hal_adc_ex.o
    0x0800427a   0x0800427a   0x00000002   PAD
    0x0800427c   0x0800427c   0x0000010c   Code   RO          266    i.MX_ADC1_Init      adc.o
    0x08004388   0x08004388   0x0000007c   Code   RO          267    i.MX_ADC2_Init      adc.o
    0x08004404   0x08004404   0x000000c4   Code   RO          240    i.MX_GPIO_Init      gpio.o
    0x080044c8   0x080044c8   0x00000050   Code   RO          315    i.MX_SPI1_Init      spi.o
    0x08004518   0x08004518   0x00000110   Code   RO          360    i.MX_TIM1_Init      tim.o
    0x08004628   0x08004628   0x0000006c   Code   RO          361    i.MX_TIM2_Init      tim.o
    0x08004694   0x08004694   0x00000068   Code   RO          362    i.MX_TIM3_Init      tim.o
    0x080046fc   0x080046fc   0x00000068   Code   RO          429    i.MX_USART3_UART_Init  usart.o
    0x08004764   0x08004764   0x00000054   Code   RO          873    i.MX_USB_Device_Init  usb_device.o
    0x080047b8   0x080047b8   0x00000002   Code   RO          473    i.MemManage_Handler  stm32g4xx_it.o
    0x080047ba   0x080047ba   0x00000002   Code   RO          474    i.NMI_Handler       stm32g4xx_it.o
    0x080047bc   0x080047bc   0x00000386   Code   RO         1094    i.PCD_EP_ISR_Handler  stm32g4xx_hal_pcd.o
    0x08004b42   0x08004b42   0x00000002   Code   RO          475    i.PendSV_Handler    stm32g4xx_it.o
    0x08004b44   0x08004b44   0x0000000c   Code   RO          476    i.SPI1_IRQHandler   stm32g4xx_it.o
    0x08004b50   0x08004b50   0x00000012   Code   RO         3512    i.SPI_DMAAbortOnError  stm32g4xx_hal_spi.o
    0x08004b62   0x08004b62   0x00000002   Code   RO          477    i.SVC_Handler       stm32g4xx_it.o
    0x08004b64   0x08004b64   0x0000000a   Code   RO         5688    i.SWAPBYTE          usbd_ctlreq.o
    0x08004b6e   0x08004b6e   0x00000002   Code   RO          478    i.SysTick_Handler   stm32g4xx_it.o
    0x08004b70   0x08004b70   0x0000006a   Code   RO           15    i.SystemClock_Config  main.o
    0x08004bda   0x08004bda   0x00000002   PAD
    0x08004bdc   0x08004bdc   0x00000010   Code   RO         5509    i.SystemInit        system_stm32g4xx.o
    0x08004bec   0x08004bec   0x0000000c   Code   RO          479    i.TIM2_IRQHandler   stm32g4xx_it.o
    0x08004bf8   0x08004bf8   0x0000000c   Code   RO          480    i.TIM3_IRQHandler   stm32g4xx_it.o
    0x08004c04   0x08004c04   0x0000000c   Code   RO          481    i.TIM6_DAC_IRQHandler  stm32g4xx_it.o
    0x08004c10   0x08004c10   0x000000e4   Code   RO         3920    i.TIM_Base_SetConfig  stm32g4xx_hal_tim.o
    0x08004cf4   0x08004cf4   0x0000001a   Code   RO         3921    i.TIM_CCxChannelCmd  stm32g4xx_hal_tim.o
    0x08004d0e   0x08004d0e   0x0000001a   Code   RO         4607    i.TIM_CCxNChannelCmd  stm32g4xx_hal_tim_ex.o
    0x08004d28   0x08004d28   0x00000014   Code   RO         3931    i.TIM_ETR_SetConfig  stm32g4xx_hal_tim.o
    0x08004d3c   0x08004d3c   0x00000014   Code   RO         3932    i.TIM_ITRx_SetConfig  stm32g4xx_hal_tim.o
    0x08004d50   0x08004d50   0x000000ac   Code   RO         3933    i.TIM_OC1_SetConfig  stm32g4xx_hal_tim.o
    0x08004dfc   0x08004dfc   0x000000a0   Code   RO         3934    i.TIM_OC2_SetConfig  stm32g4xx_hal_tim.o
    0x08004e9c   0x08004e9c   0x000000a0   Code   RO         3935    i.TIM_OC3_SetConfig  stm32g4xx_hal_tim.o
    0x08004f3c   0x08004f3c   0x000000a0   Code   RO         3936    i.TIM_OC4_SetConfig  stm32g4xx_hal_tim.o
    0x08004fdc   0x08004fdc   0x00000078   Code   RO         3937    i.TIM_OC5_SetConfig  stm32g4xx_hal_tim.o
    0x08005054   0x08005054   0x0000007c   Code   RO         3938    i.TIM_OC6_SetConfig  stm32g4xx_hal_tim.o
    0x080050d0   0x080050d0   0x00000022   Code   RO         3940    i.TIM_TI1_ConfigInputStage  stm32g4xx_hal_tim.o
    0x080050f2   0x080050f2   0x00000024   Code   RO         3942    i.TIM_TI2_ConfigInputStage  stm32g4xx_hal_tim.o
    0x08005116   0x08005116   0x00000002   PAD
    0x08005118   0x08005118   0x00000044   Code   RO         5404    i.UARTEx_SetNbDataToProcess  stm32g4xx_hal_uart_ex.o
    0x0800515c   0x0800515c   0x000000c8   Code   RO         5013    i.UART_AdvFeatureConfig  stm32g4xx_hal_uart.o
    0x08005224   0x08005224   0x000000ac   Code   RO         5014    i.UART_CheckIdleState  stm32g4xx_hal_uart.o
    0x080052d0   0x080052d0   0x00000054   Code   RO         5025    i.UART_EndRxTransfer  stm32g4xx_hal_uart.o
    0x08005324   0x08005324   0x00000298   Code   RO         5031    i.UART_SetConfig    stm32g4xx_hal_uart.o
    0x080055bc   0x080055bc   0x00000092   Code   RO         5038    i.UART_WaitOnFlagUntilTimeout  stm32g4xx_hal_uart.o
    0x0800564e   0x0800564e   0x00000002   PAD
    0x08005650   0x08005650   0x00000020   Code   RO          913    i.USBD_CDC_ConfigStrDescriptor  usbd_desc.o
    0x08005670   0x08005670   0x0000005e   Code   RO         5829    i.USBD_CDC_DataIn   usbd_cdc.o
    0x080056ce   0x080056ce   0x0000002a   Code   RO         5830    i.USBD_CDC_DataOut  usbd_cdc.o
    0x080056f8   0x080056f8   0x00000048   Code   RO         5831    i.USBD_CDC_DeInit   usbd_cdc.o
    0x08005740   0x08005740   0x0000000c   Code   RO          914    i.USBD_CDC_DeviceDescriptor  usbd_desc.o
    0x0800574c   0x0800574c   0x0000002e   Code   RO         5832    i.USBD_CDC_EP0_RxReady  usbd_cdc.o
    0x0800577a   0x0800577a   0x00000002   PAD
    0x0800577c   0x0800577c   0x0000000c   Code   RO         5833    i.USBD_CDC_GetDeviceQualifierDescriptor  usbd_cdc.o
    0x08005788   0x08005788   0x0000000c   Code   RO         5834    i.USBD_CDC_GetFSCfgDesc  usbd_cdc.o
    0x08005794   0x08005794   0x0000000c   Code   RO         5835    i.USBD_CDC_GetHSCfgDesc  usbd_cdc.o
    0x080057a0   0x080057a0   0x0000000c   Code   RO         5836    i.USBD_CDC_GetOtherSpeedCfgDesc  usbd_cdc.o
    0x080057ac   0x080057ac   0x000000a2   Code   RO         5837    i.USBD_CDC_Init     usbd_cdc.o
    0x0800584e   0x0800584e   0x00000002   PAD
    0x08005850   0x08005850   0x00000024   Code   RO          915    i.USBD_CDC_InterfaceStrDescriptor  usbd_desc.o
    0x08005874   0x08005874   0x0000000c   Code   RO          916    i.USBD_CDC_LangIDStrDescriptor  usbd_desc.o
    0x08005880   0x08005880   0x00000028   Code   RO          917    i.USBD_CDC_ManufacturerStrDescriptor  usbd_desc.o
    0x080058a8   0x080058a8   0x0000002c   Code   RO          918    i.USBD_CDC_ProductStrDescriptor  usbd_desc.o
    0x080058d4   0x080058d4   0x00000028   Code   RO         5838    i.USBD_CDC_ReceivePacket  usbd_cdc.o
    0x080058fc   0x080058fc   0x0000000e   Code   RO         5839    i.USBD_CDC_RegisterInterface  usbd_cdc.o
    0x0800590a   0x0800590a   0x00000002   PAD
    0x0800590c   0x0800590c   0x00000038   Code   RO          919    i.USBD_CDC_SerialStrDescriptor  usbd_desc.o
    0x08005944   0x08005944   0x00000012   Code   RO         5840    i.USBD_CDC_SetRxBuffer  usbd_cdc.o
    0x08005956   0x08005956   0x00000016   Code   RO         5841    i.USBD_CDC_SetTxBuffer  usbd_cdc.o
    0x0800596c   0x0800596c   0x000000be   Code   RO         5842    i.USBD_CDC_Setup    usbd_cdc.o
    0x08005a2a   0x08005a2a   0x00000010   Code   RO         5546    i.USBD_ClrClassConfig  usbd_core.o
    0x08005a3a   0x08005a3a   0x00000010   Code   RO         5765    i.USBD_CtlContinueRx  usbd_ioreq.o
    0x08005a4a   0x08005a4a   0x00000010   Code   RO         5766    i.USBD_CtlContinueSendData  usbd_ioreq.o
    0x08005a5a   0x08005a5a   0x00000016   Code   RO         5689    i.USBD_CtlError     usbd_ctlreq.o
    0x08005a70   0x08005a70   0x0000001e   Code   RO         5767    i.USBD_CtlPrepareRx  usbd_ioreq.o
    0x08005a8e   0x08005a8e   0x00000016   Code   RO         5768    i.USBD_CtlReceiveStatus  usbd_ioreq.o
    0x08005aa4   0x08005aa4   0x0000001a   Code   RO         5769    i.USBD_CtlSendData  usbd_ioreq.o
    0x08005abe   0x08005abe   0x00000016   Code   RO         5770    i.USBD_CtlSendStatus  usbd_ioreq.o
    0x08005ad4   0x08005ad4   0x000000fa   Code   RO         5690    i.USBD_GetDescriptor  usbd_ctlreq.o
    0x08005bce   0x08005bce   0x00000048   Code   RO         5691    i.USBD_GetString    usbd_ctlreq.o
    0x08005c16   0x08005c16   0x00000018   Code   RO          658    i.USBD_Get_USB_Status  usbd_conf.o
    0x08005c2e   0x08005c2e   0x00000026   Code   RO         5548    i.USBD_Init         usbd_core.o
    0x08005c54   0x08005c54   0x00000012   Code   RO          659    i.USBD_LL_ClearStallEP  usbd_conf.o
    0x08005c66   0x08005c66   0x00000012   Code   RO          660    i.USBD_LL_CloseEP   usbd_conf.o
    0x08005c78   0x08005c78   0x000000a8   Code   RO         5549    i.USBD_LL_DataInStage  usbd_core.o
    0x08005d20   0x08005d20   0x0000006c   Code   RO         5550    i.USBD_LL_DataOutStage  usbd_core.o
    0x08005d8c   0x08005d8c   0x00000008   Code   RO          664    i.USBD_LL_GetRxDataSize  usbd_conf.o
    0x08005d94   0x08005d94   0x00000084   Code   RO          665    i.USBD_LL_Init      usbd_conf.o
    0x08005e18   0x08005e18   0x0000001e   Code   RO          666    i.USBD_LL_IsStallEP  usbd_conf.o
    0x08005e36   0x08005e36   0x00000018   Code   RO          667    i.USBD_LL_OpenEP    usbd_conf.o
    0x08005e4e   0x08005e4e   0x00000012   Code   RO          668    i.USBD_LL_PrepareReceive  usbd_conf.o
    0x08005e60   0x08005e60   0x0000005a   Code   RO         5555    i.USBD_LL_Reset     usbd_core.o
    0x08005eba   0x08005eba   0x00000014   Code   RO         5556    i.USBD_LL_Resume    usbd_core.o
    0x08005ece   0x08005ece   0x00000020   Code   RO         5557    i.USBD_LL_SOF       usbd_core.o
    0x08005eee   0x08005eee   0x00000006   Code   RO         5558    i.USBD_LL_SetSpeed  usbd_core.o
    0x08005ef4   0x08005ef4   0x00000012   Code   RO          669    i.USBD_LL_SetUSBAddress  usbd_conf.o
    0x08005f06   0x08005f06   0x00000060   Code   RO         5559    i.USBD_LL_SetupStage  usbd_core.o
    0x08005f66   0x08005f66   0x00000012   Code   RO          670    i.USBD_LL_StallEP   usbd_conf.o
    0x08005f78   0x08005f78   0x00000012   Code   RO          671    i.USBD_LL_Start     usbd_conf.o
    0x08005f8a   0x08005f8a   0x00000012   Code   RO         5560    i.USBD_LL_Suspend   usbd_core.o
    0x08005f9c   0x08005f9c   0x00000012   Code   RO          673    i.USBD_LL_Transmit  usbd_conf.o
    0x08005fae   0x08005fae   0x00000030   Code   RO         5692    i.USBD_ParseSetupRequest  usbd_ctlreq.o
    0x08005fde   0x08005fde   0x00000024   Code   RO         5561    i.USBD_RegisterClass  usbd_core.o
    0x08006002   0x08006002   0x00000014   Code   RO         5563    i.USBD_SetClassConfig  usbd_core.o
    0x08006016   0x08006016   0x00000002   PAD
    0x08006018   0x08006018   0x000000bc   Code   RO         5693    i.USBD_SetConfig    usbd_ctlreq.o
    0x080060d4   0x080060d4   0x00000004   Code   RO         5564    i.USBD_Start        usbd_core.o
    0x080060d8   0x080060d8   0x00000114   Code   RO         5694    i.USBD_StdDevReq    usbd_ctlreq.o
    0x080061ec   0x080061ec   0x00000140   Code   RO         5695    i.USBD_StdEPReq     usbd_ctlreq.o
    0x0800632c   0x0800632c   0x00000052   Code   RO         5696    i.USBD_StdItfReq    usbd_ctlreq.o
    0x0800637e   0x0800637e   0x00000002   Code   RO          674    i.USBD_static_free  usbd_conf.o
    0x08006380   0x08006380   0x00000008   Code   RO          675    i.USBD_static_malloc  usbd_conf.o
    0x08006388   0x08006388   0x0000027e   Code   RO         1356    i.USB_ActivateEndpoint  stm32g4xx_ll_usb.o
    0x08006606   0x08006606   0x00000110   Code   RO         1360    i.USB_DeactivateEndpoint  stm32g4xx_ll_usb.o
    0x08006716   0x08006716   0x0000000e   Code   RO         1361    i.USB_DevConnect    stm32g4xx_ll_usb.o
    0x08006724   0x08006724   0x00000012   Code   RO         1363    i.USB_DevInit       stm32g4xx_ll_usb.o
    0x08006736   0x08006736   0x00000010   Code   RO         1364    i.USB_DisableGlobalInt  stm32g4xx_ll_usb.o
    0x08006746   0x08006746   0x00000074   Code   RO         1365    i.USB_EPClearStall  stm32g4xx_ll_usb.o
    0x080067ba   0x080067ba   0x00000032   Code   RO         1366    i.USB_EPSetStall    stm32g4xx_ll_usb.o
    0x080067ec   0x080067ec   0x000004e0   Code   RO         1367    i.USB_EPStartXfer   stm32g4xx_ll_usb.o
    0x08006ccc   0x08006ccc   0x00000012   Code   RO         1369    i.USB_EnableGlobalInt  stm32g4xx_ll_usb.o
    0x08006cde   0x08006cde   0x00000002   PAD
    0x08006ce0   0x08006ce0   0x0000000c   Code   RO          482    i.USB_LP_IRQHandler  stm32g4xx_it.o
    0x08006cec   0x08006cec   0x00000006   Code   RO         1372    i.USB_ReadInterrupts  stm32g4xx_ll_usb.o
    0x08006cf2   0x08006cf2   0x00000028   Code   RO         1373    i.USB_ReadPMA       stm32g4xx_ll_usb.o
    0x08006d1a   0x08006d1a   0x0000000c   Code   RO         1375    i.USB_SetDevAddress  stm32g4xx_ll_usb.o
    0x08006d26   0x08006d26   0x00000024   Code   RO         1377    i.USB_WritePMA      stm32g4xx_ll_usb.o
    0x08006d4a   0x08006d4a   0x00000002   Code   RO          483    i.UsageFault_Handler  stm32g4xx_it.o
    0x08006d4c   0x08006d4c   0x00000020   Code   RO         2898    i.__NVIC_SetPriority  stm32g4xx_hal_cortex.o
    0x08006d6c   0x08006d6c   0x00000036   Code   RO         5940    i.decompAlBe        foc_math.o
    0x08006da2   0x08006da2   0x00000002   PAD
    0x08006da4   0x08006da4   0x00000098   Code   RO           16    i.main              main.o
    0x08006e3c   0x08006e3c   0x0000004c   Code   RO         6189    i.set_duty          foc_app.o
    0x08006e88   0x08006e88   0x00000180   Code   RO         5947    i.svpwm             foc_math.o
    0x08007008   0x08007008   0x000000d0   Code   RO         6191    i.vf_mode           foc_app.o
    0x080070d8   0x080070d8   0x0000001c   Code   RO         6129    i.vofa_init         vofa.o
    0x080070f4   0x080070f4   0x0000003c   Code   RO         6130    i.vofa_send         vofa.o
    0x08007130   0x08007130   0x00000020   Code   RO         6132    i.vofa_set_channel  vofa.o
    0x08007150   0x08007150   0x0000000a   Code   RO         6720    x$fpl$fpinit        fz_wm.l(fpinit.o)
    0x0800715a   0x0800715a   0x00000018   Data   RO         5039    .constdata          stm32g4xx_hal_uart.o
    0x08007172   0x08007172   0x00000010   Data   RO         5405    .constdata          stm32g4xx_hal_uart_ex.o
    0x08007182   0x08007182   0x00000010   Data   RO         5510    .constdata          system_stm32g4xx.o
    0x08007192   0x08007192   0x00000008   Data   RO         5511    .constdata          system_stm32g4xx.o
    0x0800719a   0x0800719a   0x00000002   PAD
    0x0800719c   0x0800719c   0x00000804   Data   RO         6359    .rodata.sinTable_f32  arm_cortexM4lf_math.lib(arm_common_tables.o)
    0x080079a0   0x080079a0   0x00000020   Data   RO         6778    Region$$Table       anon$$obj.o


    Execution Region RW_IRAM1 (Exec base: 0x20000000, Load base: 0x080079c0, Size: 0x00003258, Max: 0x00020000, ABSOLUTE, COMPRESSED[0x000000cc])

    Exec Addr    Load Addr    Size         Type   Attr      Idx    E Section Name        Object

    0x20000000   COMPRESSED   0x00000004   Data   RW          269    .data               adc.o
    0x20000004   COMPRESSED   0x00000020   Data   RW          921    .data               usbd_desc.o
    0x20000024   COMPRESSED   0x00000032   Data   RW          922    .data               usbd_desc.o
    0x20000056   COMPRESSED   0x00000002   PAD
    0x20000058   COMPRESSED   0x00000014   Data   RW         1005    .data               usbd_cdc_if.o
    0x2000006c   COMPRESSED   0x0000000c   Data   RW         1544    .data               stm32g4xx_hal.o
    0x20000078   COMPRESSED   0x00000004   Data   RW         5512    .data               system_stm32g4xx.o
    0x2000007c   COMPRESSED   0x00000001   Data   RW         5697    .data               usbd_ctlreq.o
    0x2000007d   COMPRESSED   0x00000003   PAD
    0x20000080   COMPRESSED   0x000000d7   Data   RW         5844    .data               usbd_cdc.o
    0x20000157   COMPRESSED   0x00000001   PAD
    0x20000158   COMPRESSED   0x00000038   Data   RW         5845    .data               usbd_cdc.o
    0x20000190   COMPRESSED   0x00000008   Data   RW         6134    .data               vofa.o
    0x20000198   COMPRESSED   0x0000000c   Data   RW         6192    .data               foc_app.o
    0x200001a4        -       0x000000d8   Zero   RW          268    .bss                adc.o
    0x2000027c        -       0x00000064   Zero   RW          316    .bss                spi.o
    0x200002e0        -       0x000000e4   Zero   RW          363    .bss                tim.o
    0x200003c4        -       0x00000094   Zero   RW          430    .bss                usart.o
    0x20000458        -       0x0000004c   Zero   RW          608    .bss                stm32g4xx_hal_timebase_tim.o
    0x200004a4        -       0x000004fc   Zero   RW          676    .bss                usbd_conf.o
    0x200009a0        -       0x000002d0   Zero   RW          874    .bss                usb_device.o
    0x20000c70        -       0x00000200   Zero   RW          920    .bss                usbd_desc.o
    0x20000e70        -       0x00001000   Zero   RW         1004    .bss                usbd_cdc_if.o
    0x20001e70        -       0x00000184   Zero   RW         6133    .bss                vofa.o
    0x20001ff4        -       0x00000060   Zero   RW         6590    .bss                c_w.l(libspace.o)
    0x20002054   COMPRESSED   0x00000004   PAD
    0x20002058        -       0x00000200   Zero   RW            2    HEAP                startup_stm32g474xx.o
    0x20002258        -       0x00001000   Zero   RW            1    STACK               startup_stm32g474xx.o


==============================================================================

Image component sizes


      Code (inc. data)   RO Data    RW Data    ZI Data      Debug   Object Name

       628         46          0          4        216       2902   adc.o
       284         26          0         12          0       2497   foc_app.o
       438         32          0          0          0       3741   foc_math.o
       196         14          0          0          0       1131   gpio.o
       282         20          0          0          0     946297   main.o
       196         22          0          0        100       1813   spi.o
        64         26        472          0       4608        840   startup_stm32g474xx.o
        94         14          0         12          0       3746   stm32g4xx_hal.o
      2688        162          0          0          0      80295   stm32g4xx_hal_adc.o
      2428        144          0          0          0      80853   stm32g4xx_hal_adc_ex.o
       158         14          0          0          0      33002   stm32g4xx_hal_cortex.o
       120          0          0          0          0       1319   stm32g4xx_hal_dma.o
       442         32          0          0          0       2332   stm32g4xx_hal_gpio.o
        48          6          0          0          0        982   stm32g4xx_hal_msp.o
      2984          0          0          0          0      15501   stm32g4xx_hal_pcd.o
        96          0          0          0          0       2060   stm32g4xx_hal_pcd_ex.o
       204         18          0          0          0       1433   stm32g4xx_hal_pwr_ex.o
      1732         98          0          0          0       7281   stm32g4xx_hal_rcc.o
       792         10          0          0          0       2184   stm32g4xx_hal_rcc_ex.o
       506          6          0          0          0       3616   stm32g4xx_hal_spi.o
      2842        294          0          0          0      19348   stm32g4xx_hal_tim.o
       600         80          0          0          0       8207   stm32g4xx_hal_tim_ex.o
       136         20          0          0         76       1539   stm32g4xx_hal_timebase_tim.o
      1546         74         24          0          0      26554   stm32g4xx_hal_uart.o
       282          6         16          0          0       3777   stm32g4xx_hal_uart_ex.o
       106         40          0          0          0       6970   stm32g4xx_it.o
      2484          0          0          0          0      15820   stm32g4xx_ll_usb.o
        16          4         24          4          0       1239   system_stm32g4xx.o
       860         54          0          0        228       4772   tim.o
       232         26          0          0        148       1906   usart.o
        84         18          0          0        720        800   usb_device.o
       748         16          0        271          0      13075   usbd_cdc.o
        72         16          0         20       4096       3494   usbd_cdc_if.o
       684         38          0          0       1276      17222   usbd_conf.o
       652          0          0          0          0       9979   usbd_core.o
      1268         22          0          1          0      14708   usbd_ctlreq.o
       286        104          0         82        512       6374   usbd_desc.o
       132          0          0          0          0       4632   usbd_ioreq.o
       120         34          0          8        388       3119   vofa.o

    ----------------------------------------------------------------------
     27576       1536        570        420      12368    1357360   Object Totals
         0          0         32          0          0          0   (incl. Generated)
        46          0          2          6          0          0   (incl. Padding)

    ----------------------------------------------------------------------

      Code (inc. data)   RO Data    RW Data    ZI Data      Debug   Library Member Name

         0          0       2052          0          0       6294   arm_common_tables.o
       152         12          0          0          0       1104   arm_cos_f32.o
       144         12          0          0          0       1092   arm_sin_f32.o
        90          0          0          0          0          0   __dczerorl2.o
         8          0          0          0          0         68   __main.o
         0          0          0          0          0          0   __rtentry.o
        12          0          0          0          0          0   __rtentry2.o
         6          0          0          0          0          0   __rtentry4.o
        52          8          0          0          0          0   __scatter.o
        28          0          0          0          0          0   __scatter_zi.o
        18          0          0          0          0         80   exit.o
         6          0          0          0          0        152   heapauxi.o
         0          0          0          0          0          0   indicate_semi.o
         2          0          0          0          0          0   libinit.o
         6          0          0          0          0          0   libinit2.o
         2          0          0          0          0          0   libshutdown.o
         2          0          0          0          0          0   libshutdown2.o
         8          4          0          0         96         68   libspace.o
       238          0          0          0          0        100   lludivv7m.o
        78          0          0          0          0         80   rt_memclr_w.o
         2          0          0          0          0          0   rtexit.o
        10          0          0          0          0          0   rtexit2.o
        12          4          0          0          0         68   sys_exit.o
        74          0          0          0          0         80   sys_stackheap_outer.o
         2          0          0          0          0         68   use_no_semi.o
        10          0          0          0          0        116   fpinit.o

    ----------------------------------------------------------------------
       970         40       2052          0        100       9370   Library Totals
         8          0          0          0          4          0   (incl. Padding)

    ----------------------------------------------------------------------

      Code (inc. data)   RO Data    RW Data    ZI Data      Debug   Library Name

       296         24       2052          0          0       8490   arm_cortexM4lf_math.lib
       656         16          0          0         96        764   c_w.l
        10          0          0          0          0        116   fz_wm.l

    ----------------------------------------------------------------------
       970         40       2052          0        100       9370   Library Totals

    ----------------------------------------------------------------------

==============================================================================


      Code (inc. data)   RO Data    RW Data    ZI Data      Debug   

     28546       1576       2622        420      12468    1342554   Grand Totals
     28546       1576       2622        204      12468    1342554   ELF Image Totals (compressed)
     28546       1576       2622        204          0          0   ROM Totals

==============================================================================

    Total RO  Size (Code + RO Data)                31168 (  30.44kB)
    Total RW  Size (RW Data + ZI Data)             12888 (  12.59kB)
    Total ROM Size (Code + RO Data + RW Data)      31372 (  30.64kB)

==============================================================================

